<!doctype html public "-//w3c//dtd html 4.0 transitional//en">
<html><head>
<title>Static Call Graph - [.\Objects\FSP_Project.axf]</title></head>
<body><HR>
<H1>Static Call Graph for image .\Objects\FSP_Project.axf</H1><HR>
<BR><P>#&#060CALLGRAPH&#062# ARM Linker, 6240002: Last Updated: Mon Jun 29 13:12:34 2026
<BR><P>
<H3>Maximum Stack Usage =        216 bytes + Unknown(Cycles, Untraceable Function Pointers)</H3><H3>
Call chain for Maximum Stack Depth:</H3>
Reset_Handler &rArr; main &rArr; hal_entry &rArr; Adc_ProcessAll
<P>
<H3>
Mutually Recursive functions
</H3> <LI><a href="#[48]">bsp_prv_software_delay_loop</a>&nbsp;&nbsp;&nbsp;&rArr;&nbsp;&nbsp;&nbsp;<a href="#[48]">bsp_prv_software_delay_loop</a><BR>
</UL>
<P>
<H3>
Function Pointers
</H3><UL>
 <LI><a href="#[4]">BusFault_Handler</a> from startup.o(.text.Default_Handler) referenced from startup.o(.fixed_vectors)
 <LI><a href="#[8]">DebugMon_Handler</a> from startup.o(.text.Default_Handler) referenced from startup.o(.fixed_vectors)
 <LI><a href="#[2]">HardFault_Handler</a> from startup.o(.text.Default_Handler) referenced from startup.o(.fixed_vectors)
 <LI><a href="#[3]">MemManage_Handler</a> from startup.o(.text.Default_Handler) referenced from startup.o(.fixed_vectors)
 <LI><a href="#[1]">NMI_Handler</a> from bsp_group_irq.o(.text.NMI_Handler) referenced from startup.o(.fixed_vectors)
 <LI><a href="#[9]">PendSV_Handler</a> from startup.o(.text.Default_Handler) referenced from startup.o(.fixed_vectors)
 <LI><a href="#[1b]">R_ADC_Calibrate</a> from r_adc.o(.text.R_ADC_Calibrate) referenced from r_adc.o(.rodata.g_adc_on_adc)
 <LI><a href="#[1d]">R_ADC_CallbackSet</a> from r_adc.o(.text.R_ADC_CallbackSet) referenced from r_adc.o(.rodata.g_adc_on_adc)
 <LI><a href="#[1e]">R_ADC_Close</a> from r_adc.o(.text.R_ADC_Close) referenced from r_adc.o(.rodata.g_adc_on_adc)
 <LI><a href="#[1f]">R_ADC_InfoGet</a> from r_adc.o(.text.R_ADC_InfoGet) referenced from r_adc.o(.rodata.g_adc_on_adc)
 <LI><a href="#[1c]">R_ADC_OffsetSet</a> from r_adc.o(.text.R_ADC_OffsetSet) referenced from r_adc.o(.rodata.g_adc_on_adc)
 <LI><a href="#[13]">R_ADC_Open</a> from r_adc.o(.text.R_ADC_Open) referenced from r_adc.o(.rodata.g_adc_on_adc)
 <LI><a href="#[19]">R_ADC_Read</a> from r_adc.o(.text.R_ADC_Read) referenced from r_adc.o(.rodata.g_adc_on_adc)
 <LI><a href="#[1a]">R_ADC_Read32</a> from r_adc.o(.text.R_ADC_Read32) referenced from r_adc.o(.rodata.g_adc_on_adc)
 <LI><a href="#[14]">R_ADC_ScanCfg</a> from r_adc.o(.text.R_ADC_ScanCfg) referenced from r_adc.o(.rodata.g_adc_on_adc)
 <LI><a href="#[16]">R_ADC_ScanGroupStart</a> from r_adc.o(.text.R_ADC_ScanGroupStart) referenced from r_adc.o(.rodata.g_adc_on_adc)
 <LI><a href="#[15]">R_ADC_ScanStart</a> from r_adc.o(.text.R_ADC_ScanStart) referenced from r_adc.o(.rodata.g_adc_on_adc)
 <LI><a href="#[17]">R_ADC_ScanStop</a> from r_adc.o(.text.R_ADC_ScanStop) referenced from r_adc.o(.rodata.g_adc_on_adc)
 <LI><a href="#[18]">R_ADC_StatusGet</a> from r_adc.o(.text.R_ADC_StatusGet) referenced from r_adc.o(.rodata.g_adc_on_adc)
 <LI><a href="#[2c]">R_GPT_CallbackSet</a> from r_gpt.o(.text.R_GPT_CallbackSet) referenced from r_gpt.o(.rodata.g_timer_on_gpt)
 <LI><a href="#[2d]">R_GPT_Close</a> from r_gpt.o(.text.R_GPT_Close) referenced from r_gpt.o(.rodata.g_timer_on_gpt)
 <LI><a href="#[29]">R_GPT_CompareMatchSet</a> from r_gpt.o(.text.R_GPT_CompareMatchSet) referenced from r_gpt.o(.rodata.g_timer_on_gpt)
 <LI><a href="#[26]">R_GPT_Disable</a> from r_gpt.o(.text.R_GPT_Disable) referenced from r_gpt.o(.rodata.g_timer_on_gpt)
 <LI><a href="#[28]">R_GPT_DutyCycleSet</a> from r_gpt.o(.text.R_GPT_DutyCycleSet) referenced from r_gpt.o(.rodata.g_timer_on_gpt)
 <LI><a href="#[25]">R_GPT_Enable</a> from r_gpt.o(.text.R_GPT_Enable) referenced from r_gpt.o(.rodata.g_timer_on_gpt)
 <LI><a href="#[2a]">R_GPT_InfoGet</a> from r_gpt.o(.text.R_GPT_InfoGet) referenced from r_gpt.o(.rodata.g_timer_on_gpt)
 <LI><a href="#[21]">R_GPT_Open</a> from r_gpt.o(.text.R_GPT_Open) referenced from r_gpt.o(.rodata.g_timer_on_gpt)
 <LI><a href="#[27]">R_GPT_PeriodSet</a> from r_gpt.o(.text.R_GPT_PeriodSet) referenced from r_gpt.o(.rodata.g_timer_on_gpt)
 <LI><a href="#[24]">R_GPT_Reset</a> from r_gpt.o(.text.R_GPT_Reset) referenced from r_gpt.o(.rodata.g_timer_on_gpt)
 <LI><a href="#[22]">R_GPT_Start</a> from r_gpt.o(.text.R_GPT_Start) referenced from r_gpt.o(.rodata.g_timer_on_gpt)
 <LI><a href="#[2b]">R_GPT_StatusGet</a> from r_gpt.o(.text.R_GPT_StatusGet) referenced from r_gpt.o(.rodata.g_timer_on_gpt)
 <LI><a href="#[23]">R_GPT_Stop</a> from r_gpt.o(.text.R_GPT_Stop) referenced from r_gpt.o(.rodata.g_timer_on_gpt)
 <LI><a href="#[35]">R_SCI_UART_Abort</a> from r_sci_uart.o(.text.R_SCI_UART_Abort) referenced from r_sci_uart.o(.rodata.g_uart_on_sci)
 <LI><a href="#[33]">R_SCI_UART_BaudSet</a> from r_sci_uart.o(.text.R_SCI_UART_BaudSet) referenced from r_sci_uart.o(.rodata.g_uart_on_sci)
 <LI><a href="#[36]">R_SCI_UART_CallbackSet</a> from r_sci_uart.o(.text.R_SCI_UART_CallbackSet) referenced from r_sci_uart.o(.rodata.g_uart_on_sci)
 <LI><a href="#[37]">R_SCI_UART_Close</a> from r_sci_uart.o(.text.R_SCI_UART_Close) referenced from r_sci_uart.o(.rodata.g_uart_on_sci)
 <LI><a href="#[34]">R_SCI_UART_InfoGet</a> from r_sci_uart.o(.text.R_SCI_UART_InfoGet) referenced from r_sci_uart.o(.rodata.g_uart_on_sci)
 <LI><a href="#[30]">R_SCI_UART_Open</a> from r_sci_uart.o(.text.R_SCI_UART_Open) referenced from r_sci_uart.o(.rodata.g_uart_on_sci)
 <LI><a href="#[31]">R_SCI_UART_Read</a> from r_sci_uart.o(.text.R_SCI_UART_Read) referenced from r_sci_uart.o(.rodata.g_uart_on_sci)
 <LI><a href="#[38]">R_SCI_UART_ReadStop</a> from r_sci_uart.o(.text.R_SCI_UART_ReadStop) referenced from r_sci_uart.o(.rodata.g_uart_on_sci)
 <LI><a href="#[3a]">R_SCI_UART_ReceiveResume</a> from r_sci_uart.o(.text.R_SCI_UART_ReceiveResume) referenced from r_sci_uart.o(.rodata.g_uart_on_sci)
 <LI><a href="#[39]">R_SCI_UART_ReceiveSuspend</a> from r_sci_uart.o(.text.R_SCI_UART_ReceiveSuspend) referenced from r_sci_uart.o(.rodata.g_uart_on_sci)
 <LI><a href="#[32]">R_SCI_UART_Write</a> from r_sci_uart.o(.text.R_SCI_UART_Write) referenced from r_sci_uart.o(.rodata.g_uart_on_sci)
 <LI><a href="#[0]">Reset_Handler</a> from startup.o(.text.Reset_Handler) referenced from startup.o(.fixed_vectors)
 <LI><a href="#[7]">SVC_Handler</a> from startup.o(.text.Default_Handler) referenced from startup.o(.fixed_vectors)
 <LI><a href="#[6]">SecureFault_Handler</a> from startup.o(.text.Default_Handler) referenced from startup.o(.fixed_vectors)
 <LI><a href="#[a]">SysTick_Handler</a> from startup.o(.text.Default_Handler) referenced from startup.o(.fixed_vectors)
 <LI><a href="#[5]">UsageFault_Handler</a> from startup.o(.text.Default_Handler) referenced from startup.o(.fixed_vectors)
 <LI><a href="#[12]">adc_callback</a> from adc.o(.text.adc_callback) referenced from hal_data.o(.rodata.g_adc0_cfg)
 <LI><a href="#[11]">adc_scan_end_isr</a> from r_adc.o(.text.adc_scan_end_isr) referenced from vector_data.o(.application_vectors)
 <LI><a href="#[f]">dmac_int_isr</a> from r_dmac.o(.text.dmac_int_isr) referenced from vector_data.o(.application_vectors)
 <LI><a href="#[20]">gpt0_callback</a> from gpt.o(.text.gpt0_callback) referenced from hal_data.o(.rodata.g_timer0_cfg)
 <LI><a href="#[10]">gpt_counter_overflow_isr</a> from r_gpt.o(.text.gpt_counter_overflow_isr) referenced from vector_data.o(.application_vectors)
 <LI><a href="#[2e]">lora_callback</a> from uart.o(.text.lora_callback) referenced from hal_data.o(.rodata.g_uart2_cfg)
 <LI><a href="#[e]">sci_uart_eri_isr</a> from r_sci_uart.o(.text.sci_uart_eri_isr) referenced 2 times from vector_data.o(.application_vectors)
 <LI><a href="#[b]">sci_uart_rxi_isr</a> from r_sci_uart.o(.text.sci_uart_rxi_isr) referenced 2 times from vector_data.o(.application_vectors)
 <LI><a href="#[d]">sci_uart_tei_isr</a> from r_sci_uart.o(.text.sci_uart_tei_isr) referenced 2 times from vector_data.o(.application_vectors)
 <LI><a href="#[c]">sci_uart_txi_isr</a> from r_sci_uart.o(.text.sci_uart_txi_isr) referenced 2 times from vector_data.o(.application_vectors)
 <LI><a href="#[2f]">uart3_callback</a> from uart.o(.text.uart3_callback) referenced from hal_data.o(.rodata.g_uart3_cfg)
</UL>
<P>
<H3>
Global Symbols
</H3>
<P><STRONG><a name="[66]"></a>__aeabi_memcpy</STRONG> (Thumb, 36 bytes, Stack size 0 bytes, memcpya.o(.text))
<BR><BR>[Called By]<UL><LI><a href="#[b]">&gt;&gt;</a>&nbsp;&nbsp;&nbsp;sci_uart_rxi_isr
</UL>

<P><STRONG><a name="[54]"></a>__aeabi_memcpy4</STRONG> (Thumb, 0 bytes, Stack size 0 bytes, memcpya.o(.text))
<BR><BR>[Called By]<UL><LI><a href="#[4f]">&gt;&gt;</a>&nbsp;&nbsp;&nbsp;SystemRuntimeInit
</UL>

<P><STRONG><a name="[67]"></a>__aeabi_memcpy8</STRONG> (Thumb, 0 bytes, Stack size 0 bytes, memcpya.o(.text), UNUSED)

<P><STRONG><a name="[3c]"></a>__aeabi_memset</STRONG> (Thumb, 14 bytes, Stack size 0 bytes, memseta.o(.text), UNUSED)
<BR><BR>[Called By]<UL><LI><a href="#[3d]">&gt;&gt;</a>&nbsp;&nbsp;&nbsp;_memset$wrapper
<LI><a href="#[3b]">&gt;&gt;</a>&nbsp;&nbsp;&nbsp;__aeabi_memclr
</UL>

<P><STRONG><a name="[68]"></a>__aeabi_memset4</STRONG> (Thumb, 0 bytes, Stack size 0 bytes, memseta.o(.text), UNUSED)

<P><STRONG><a name="[69]"></a>__aeabi_memset8</STRONG> (Thumb, 0 bytes, Stack size 0 bytes, memseta.o(.text), UNUSED)

<P><STRONG><a name="[3b]"></a>__aeabi_memclr</STRONG> (Thumb, 4 bytes, Stack size 0 bytes, memseta.o(.text), UNUSED)
<BR><BR>[Calls]<UL><LI><a href="#[3c]">&gt;&gt;</a>&nbsp;&nbsp;&nbsp;__aeabi_memset
</UL>

<P><STRONG><a name="[53]"></a>__aeabi_memclr4</STRONG> (Thumb, 0 bytes, Stack size 0 bytes, memseta.o(.text))
<BR><BR>[Called By]<UL><LI><a href="#[4f]">&gt;&gt;</a>&nbsp;&nbsp;&nbsp;SystemRuntimeInit
</UL>

<P><STRONG><a name="[6a]"></a>__aeabi_memclr8</STRONG> (Thumb, 0 bytes, Stack size 0 bytes, memseta.o(.text), UNUSED)

<P><STRONG><a name="[3d]"></a>_memset$wrapper</STRONG> (Thumb, 18 bytes, Stack size 8 bytes, memseta.o(.text), UNUSED)
<BR><BR>[Calls]<UL><LI><a href="#[3c]">&gt;&gt;</a>&nbsp;&nbsp;&nbsp;__aeabi_memset
</UL>

<P><STRONG><a name="[61]"></a>Adc_GetDirection</STRONG> (Thumb, 18 bytes, Stack size 0 bytes, adc.o(.text.Adc_GetDirection))
<BR><BR>[Called By]<UL><LI><a href="#[59]">&gt;&gt;</a>&nbsp;&nbsp;&nbsp;hal_entry
</UL>

<P><STRONG><a name="[60]"></a>Adc_GetResult</STRONG> (Thumb, 20 bytes, Stack size 0 bytes, adc.o(.text.Adc_GetResult))
<BR><BR>[Called By]<UL><LI><a href="#[59]">&gt;&gt;</a>&nbsp;&nbsp;&nbsp;hal_entry
</UL>

<P><STRONG><a name="[3e]"></a>Adc_Init</STRONG> (Thumb, 130 bytes, Stack size 16 bytes, adc.o(.text.Adc_Init))
<BR><BR>[Stack]<UL><LI>Max Depth = 16<LI>Call Chain = Adc_Init
</UL>
<BR>[Calls]<UL><LI><a href="#[3f]">&gt;&gt;</a>&nbsp;&nbsp;&nbsp;__aeabi_assert
</UL>
<BR>[Called By]<UL><LI><a href="#[59]">&gt;&gt;</a>&nbsp;&nbsp;&nbsp;hal_entry
</UL>

<P><STRONG><a name="[62]"></a>Adc_JoystickDir</STRONG> (Thumb, 28 bytes, Stack size 0 bytes, adc.o(.text.Adc_JoystickDir))
<BR><BR>[Called By]<UL><LI><a href="#[59]">&gt;&gt;</a>&nbsp;&nbsp;&nbsp;hal_entry
</UL>

<P><STRONG><a name="[5f]"></a>Adc_ProcessAll</STRONG> (Thumb, 102 bytes, Stack size 24 bytes, adc.o(.text.Adc_ProcessAll))
<BR><BR>[Stack]<UL><LI>Max Depth = 24<LI>Call Chain = Adc_ProcessAll
</UL>
<BR>[Called By]<UL><LI><a href="#[59]">&gt;&gt;</a>&nbsp;&nbsp;&nbsp;hal_entry
</UL>

<P><STRONG><a name="[5e]"></a>Adc_ScanCompleteCheck</STRONG> (Thumb, 20 bytes, Stack size 0 bytes, adc.o(.text.Adc_ScanCompleteCheck))
<BR><BR>[Called By]<UL><LI><a href="#[59]">&gt;&gt;</a>&nbsp;&nbsp;&nbsp;hal_entry
</UL>

<P><STRONG><a name="[5d]"></a>Adc_StartScan</STRONG> (Thumb, 28 bytes, Stack size 0 bytes, adc.o(.text.Adc_StartScan))
<BR><BR>[Called By]<UL><LI><a href="#[59]">&gt;&gt;</a>&nbsp;&nbsp;&nbsp;hal_entry
</UL>

<P><STRONG><a name="[4]"></a>BusFault_Handler</STRONG> (Thumb, 4 bytes, Stack size 0 bytes, startup.o(.text.Default_Handler))
<BR>[Address Reference Count : 1]<UL><LI> startup.o(.fixed_vectors)
</UL>
<P><STRONG><a name="[8]"></a>DebugMon_Handler</STRONG> (Thumb, 4 bytes, Stack size 0 bytes, startup.o(.text.Default_Handler))
<BR>[Address Reference Count : 1]<UL><LI> startup.o(.fixed_vectors)
</UL>
<P><STRONG><a name="[6b]"></a>Default_Handler</STRONG> (Thumb, 4 bytes, Stack size 0 bytes, startup.o(.text.Default_Handler), UNUSED)

<P><STRONG><a name="[2]"></a>HardFault_Handler</STRONG> (Thumb, 4 bytes, Stack size 0 bytes, startup.o(.text.Default_Handler))
<BR>[Address Reference Count : 1]<UL><LI> startup.o(.fixed_vectors)
</UL>
<P><STRONG><a name="[3]"></a>MemManage_Handler</STRONG> (Thumb, 4 bytes, Stack size 0 bytes, startup.o(.text.Default_Handler))
<BR>[Address Reference Count : 1]<UL><LI> startup.o(.fixed_vectors)
</UL>
<P><STRONG><a name="[9]"></a>PendSV_Handler</STRONG> (Thumb, 4 bytes, Stack size 0 bytes, startup.o(.text.Default_Handler))
<BR>[Address Reference Count : 1]<UL><LI> startup.o(.fixed_vectors)
</UL>
<P><STRONG><a name="[7]"></a>SVC_Handler</STRONG> (Thumb, 4 bytes, Stack size 0 bytes, startup.o(.text.Default_Handler))
<BR>[Address Reference Count : 1]<UL><LI> startup.o(.fixed_vectors)
</UL>
<P><STRONG><a name="[6]"></a>SecureFault_Handler</STRONG> (Thumb, 4 bytes, Stack size 0 bytes, startup.o(.text.Default_Handler))
<BR>[Address Reference Count : 1]<UL><LI> startup.o(.fixed_vectors)
</UL>
<P><STRONG><a name="[a]"></a>SysTick_Handler</STRONG> (Thumb, 4 bytes, Stack size 0 bytes, startup.o(.text.Default_Handler))
<BR>[Address Reference Count : 1]<UL><LI> startup.o(.fixed_vectors)
</UL>
<P><STRONG><a name="[5]"></a>UsageFault_Handler</STRONG> (Thumb, 4 bytes, Stack size 0 bytes, startup.o(.text.Default_Handler))
<BR>[Address Reference Count : 1]<UL><LI> startup.o(.fixed_vectors)
</UL>
<P><STRONG><a name="[40]"></a>Gpt_Init</STRONG> (Thumb, 32 bytes, Stack size 8 bytes, gpt.o(.text.Gpt_Init))
<BR><BR>[Stack]<UL><LI>Max Depth = 8<LI>Call Chain = Gpt_Init
</UL>
<BR>[Calls]<UL><LI><a href="#[3f]">&gt;&gt;</a>&nbsp;&nbsp;&nbsp;__aeabi_assert
</UL>
<BR>[Called By]<UL><LI><a href="#[59]">&gt;&gt;</a>&nbsp;&nbsp;&nbsp;hal_entry
</UL>

<P><STRONG><a name="[5a]"></a>Gpt_Start</STRONG> (Thumb, 16 bytes, Stack size 0 bytes, gpt.o(.text.Gpt_Start))
<BR><BR>[Called By]<UL><LI><a href="#[59]">&gt;&gt;</a>&nbsp;&nbsp;&nbsp;hal_entry
</UL>

<P><STRONG><a name="[5c]"></a>Gpt_TimeoutCheck</STRONG> (Thumb, 20 bytes, Stack size 0 bytes, gpt.o(.text.Gpt_TimeoutCheck))
<BR><BR>[Called By]<UL><LI><a href="#[59]">&gt;&gt;</a>&nbsp;&nbsp;&nbsp;hal_entry
</UL>

<P><STRONG><a name="[64]"></a>Lora_BuildJoyPacket</STRONG> (Thumb, 100 bytes, Stack size 8 bytes, lora_proto.o(.text.Lora_BuildJoyPacket))
<BR><BR>[Stack]<UL><LI>Max Depth = 8<LI>Call Chain = Lora_BuildJoyPacket
</UL>
<BR>[Called By]<UL><LI><a href="#[59]">&gt;&gt;</a>&nbsp;&nbsp;&nbsp;hal_entry
</UL>

<P><STRONG><a name="[63]"></a>Lora_BuildScrPacket</STRONG> (Thumb, 76 bytes, Stack size 8 bytes, lora_proto.o(.text.Lora_BuildScrPacket))
<BR><BR>[Stack]<UL><LI>Max Depth = 8<LI>Call Chain = Lora_BuildScrPacket
</UL>
<BR>[Called By]<UL><LI><a href="#[59]">&gt;&gt;</a>&nbsp;&nbsp;&nbsp;hal_entry
</UL>

<P><STRONG><a name="[41]"></a>Lora_SendPacket</STRONG> (Thumb, 4 bytes, Stack size 0 bytes, lora_proto.o(.text.Lora_SendPacket))
<BR><BR>[Calls]<UL><LI><a href="#[42]">&gt;&gt;</a>&nbsp;&nbsp;&nbsp;Uart2_SendData
</UL>
<BR>[Called By]<UL><LI><a href="#[59]">&gt;&gt;</a>&nbsp;&nbsp;&nbsp;hal_entry
</UL>

<P><STRONG><a name="[1]"></a>NMI_Handler</STRONG> (Thumb, 68 bytes, Stack size 24 bytes, bsp_group_irq.o(.text.NMI_Handler))
<BR><BR>[Stack]<UL><LI>Max Depth = 24<LI>Call Chain = NMI_Handler
</UL>
<BR>[Address Reference Count : 1]<UL><LI> startup.o(.fixed_vectors)
</UL>
<P><STRONG><a name="[1b]"></a>R_ADC_Calibrate</STRONG> (Thumb, 4 bytes, Stack size 0 bytes, r_adc.o(.text.R_ADC_Calibrate))
<BR>[Address Reference Count : 1]<UL><LI> r_adc.o(.rodata.g_adc_on_adc)
</UL>
<P><STRONG><a name="[1d]"></a>R_ADC_CallbackSet</STRONG> (Thumb, 14 bytes, Stack size 0 bytes, r_adc.o(.text.R_ADC_CallbackSet))
<BR>[Address Reference Count : 1]<UL><LI> r_adc.o(.rodata.g_adc_on_adc)
</UL>
<P><STRONG><a name="[1e]"></a>R_ADC_Close</STRONG> (Thumb, 228 bytes, Stack size 16 bytes, r_adc.o(.text.R_ADC_Close))
<BR><BR>[Stack]<UL><LI>Max Depth = 16<LI>Call Chain = R_ADC_Close
</UL>
<BR>[Address Reference Count : 1]<UL><LI> r_adc.o(.rodata.g_adc_on_adc)
</UL>
<P><STRONG><a name="[1f]"></a>R_ADC_InfoGet</STRONG> (Thumb, 116 bytes, Stack size 8 bytes, r_adc.o(.text.R_ADC_InfoGet))
<BR><BR>[Stack]<UL><LI>Max Depth = 8<LI>Call Chain = R_ADC_InfoGet
</UL>
<BR>[Address Reference Count : 1]<UL><LI> r_adc.o(.rodata.g_adc_on_adc)
</UL>
<P><STRONG><a name="[1c]"></a>R_ADC_OffsetSet</STRONG> (Thumb, 4 bytes, Stack size 0 bytes, r_adc.o(.text.R_ADC_OffsetSet))
<BR>[Address Reference Count : 1]<UL><LI> r_adc.o(.rodata.g_adc_on_adc)
</UL>
<P><STRONG><a name="[13]"></a>R_ADC_Open</STRONG> (Thumb, 266 bytes, Stack size 40 bytes, r_adc.o(.text.R_ADC_Open))
<BR><BR>[Stack]<UL><LI>Max Depth = 40<LI>Call Chain = R_ADC_Open
</UL>
<BR>[Calls]<UL><LI><a href="#[43]">&gt;&gt;</a>&nbsp;&nbsp;&nbsp;r_adc_irq_enable
</UL>
<BR>[Address Reference Count : 1]<UL><LI> r_adc.o(.rodata.g_adc_on_adc)
</UL>
<P><STRONG><a name="[19]"></a>R_ADC_Read</STRONG> (Thumb, 14 bytes, Stack size 0 bytes, r_adc.o(.text.R_ADC_Read))
<BR>[Address Reference Count : 1]<UL><LI> r_adc.o(.rodata.g_adc_on_adc)
</UL>
<P><STRONG><a name="[1a]"></a>R_ADC_Read32</STRONG> (Thumb, 24 bytes, Stack size 0 bytes, r_adc.o(.text.R_ADC_Read32))
<BR>[Address Reference Count : 1]<UL><LI> r_adc.o(.rodata.g_adc_on_adc)
</UL>
<P><STRONG><a name="[14]"></a>R_ADC_ScanCfg</STRONG> (Thumb, 466 bytes, Stack size 20 bytes, r_adc.o(.text.R_ADC_ScanCfg))
<BR><BR>[Stack]<UL><LI>Max Depth = 20<LI>Call Chain = R_ADC_ScanCfg
</UL>
<BR>[Address Reference Count : 1]<UL><LI> r_adc.o(.rodata.g_adc_on_adc)
</UL>
<P><STRONG><a name="[16]"></a>R_ADC_ScanGroupStart</STRONG> (Thumb, 4 bytes, Stack size 0 bytes, r_adc.o(.text.R_ADC_ScanGroupStart))
<BR>[Address Reference Count : 1]<UL><LI> r_adc.o(.rodata.g_adc_on_adc)
</UL>
<P><STRONG><a name="[15]"></a>R_ADC_ScanStart</STRONG> (Thumb, 10 bytes, Stack size 0 bytes, r_adc.o(.text.R_ADC_ScanStart))
<BR>[Address Reference Count : 1]<UL><LI> r_adc.o(.rodata.g_adc_on_adc)
</UL>
<P><STRONG><a name="[17]"></a>R_ADC_ScanStop</STRONG> (Thumb, 10 bytes, Stack size 0 bytes, r_adc.o(.text.R_ADC_ScanStop))
<BR>[Address Reference Count : 1]<UL><LI> r_adc.o(.rodata.g_adc_on_adc)
</UL>
<P><STRONG><a name="[18]"></a>R_ADC_StatusGet</STRONG> (Thumb, 12 bytes, Stack size 0 bytes, r_adc.o(.text.R_ADC_StatusGet))
<BR>[Address Reference Count : 1]<UL><LI> r_adc.o(.rodata.g_adc_on_adc)
</UL>
<P><STRONG><a name="[44]"></a>R_BSP_Init_RTC</STRONG> (Thumb, 122 bytes, Stack size 16 bytes, bsp_clocks.o(.text.R_BSP_Init_RTC))
<BR><BR>[Stack]<UL><LI>Max Depth = 24<LI>Call Chain = R_BSP_Init_RTC &rArr; R_BSP_RegisterProtectDisable
</UL>
<BR>[Calls]<UL><LI><a href="#[45]">&gt;&gt;</a>&nbsp;&nbsp;&nbsp;R_BSP_SoftwareDelay
<LI><a href="#[47]">&gt;&gt;</a>&nbsp;&nbsp;&nbsp;R_BSP_RegisterProtectEnable
<LI><a href="#[46]">&gt;&gt;</a>&nbsp;&nbsp;&nbsp;R_BSP_RegisterProtectDisable
</UL>
<BR>[Called By]<UL><LI><a href="#[4c]">&gt;&gt;</a>&nbsp;&nbsp;&nbsp;SystemInit
</UL>

<P><STRONG><a name="[46]"></a>R_BSP_RegisterProtectDisable</STRONG> (Thumb, 78 bytes, Stack size 8 bytes, bsp_register_protection.o(.text.R_BSP_RegisterProtectDisable))
<BR><BR>[Stack]<UL><LI>Max Depth = 8<LI>Call Chain = R_BSP_RegisterProtectDisable
</UL>
<BR>[Called By]<UL><LI><a href="#[58]">&gt;&gt;</a>&nbsp;&nbsp;&nbsp;bsp_vbatt_init
<LI><a href="#[51]">&gt;&gt;</a>&nbsp;&nbsp;&nbsp;bsp_irq_cfg
<LI><a href="#[44]">&gt;&gt;</a>&nbsp;&nbsp;&nbsp;R_BSP_Init_RTC
<LI><a href="#[4c]">&gt;&gt;</a>&nbsp;&nbsp;&nbsp;SystemInit
</UL>

<P><STRONG><a name="[47]"></a>R_BSP_RegisterProtectEnable</STRONG> (Thumb, 82 bytes, Stack size 0 bytes, bsp_register_protection.o(.text.R_BSP_RegisterProtectEnable))
<BR><BR>[Called By]<UL><LI><a href="#[58]">&gt;&gt;</a>&nbsp;&nbsp;&nbsp;bsp_vbatt_init
<LI><a href="#[51]">&gt;&gt;</a>&nbsp;&nbsp;&nbsp;bsp_irq_cfg
<LI><a href="#[44]">&gt;&gt;</a>&nbsp;&nbsp;&nbsp;R_BSP_Init_RTC
<LI><a href="#[4c]">&gt;&gt;</a>&nbsp;&nbsp;&nbsp;SystemInit
</UL>

<P><STRONG><a name="[45]"></a>R_BSP_SoftwareDelay</STRONG> (Thumb, 132 bytes, Stack size 0 bytes, bsp_delay.o(.text.R_BSP_SoftwareDelay))
<BR><BR>[Calls]<UL><LI><a href="#[48]">&gt;&gt;</a>&nbsp;&nbsp;&nbsp;bsp_prv_software_delay_loop
</UL>
<BR>[Called By]<UL><LI><a href="#[58]">&gt;&gt;</a>&nbsp;&nbsp;&nbsp;bsp_vbatt_init
<LI><a href="#[44]">&gt;&gt;</a>&nbsp;&nbsp;&nbsp;R_BSP_Init_RTC
<LI><a href="#[4e]">&gt;&gt;</a>&nbsp;&nbsp;&nbsp;bsp_clock_init
</UL>

<P><STRONG><a name="[57]"></a>R_BSP_SubClockStabilizeWaitAfterReset</STRONG> (Thumb, 2 bytes, Stack size 0 bytes, bsp_clocks.o(.text.R_BSP_SubClockStabilizeWaitAfterReset))
<BR><BR>[Called By]<UL><LI><a href="#[4e]">&gt;&gt;</a>&nbsp;&nbsp;&nbsp;bsp_clock_init
</UL>

<P><STRONG><a name="[49]"></a>R_BSP_WarmStart</STRONG> (Thumb, 26 bytes, Stack size 0 bytes, hal_warmstart.o(.text.R_BSP_WarmStart))
<BR><BR>[Stack]<UL><LI>Max Depth = 72<LI>Call Chain = R_BSP_WarmStart &rArr; R_IOPORT_Open &rArr; r_ioport_pins_config &rArr; bsp_vbatt_init &rArr; R_BSP_RegisterProtectDisable
</UL>
<BR>[Calls]<UL><LI><a href="#[4a]">&gt;&gt;</a>&nbsp;&nbsp;&nbsp;R_IOPORT_Open
</UL>
<BR>[Called By]<UL><LI><a href="#[4c]">&gt;&gt;</a>&nbsp;&nbsp;&nbsp;SystemInit
</UL>

<P><STRONG><a name="[2c]"></a>R_GPT_CallbackSet</STRONG> (Thumb, 14 bytes, Stack size 0 bytes, r_gpt.o(.text.R_GPT_CallbackSet))
<BR>[Address Reference Count : 1]<UL><LI> r_gpt.o(.rodata.g_timer_on_gpt)
</UL>
<P><STRONG><a name="[2d]"></a>R_GPT_Close</STRONG> (Thumb, 292 bytes, Stack size 8 bytes, r_gpt.o(.text.R_GPT_Close))
<BR><BR>[Stack]<UL><LI>Max Depth = 8<LI>Call Chain = R_GPT_Close
</UL>
<BR>[Address Reference Count : 1]<UL><LI> r_gpt.o(.rodata.g_timer_on_gpt)
</UL>
<P><STRONG><a name="[29]"></a>R_GPT_CompareMatchSet</STRONG> (Thumb, 28 bytes, Stack size 0 bytes, r_gpt.o(.text.R_GPT_CompareMatchSet))
<BR>[Address Reference Count : 1]<UL><LI> r_gpt.o(.rodata.g_timer_on_gpt)
</UL>
<P><STRONG><a name="[26]"></a>R_GPT_Disable</STRONG> (Thumb, 30 bytes, Stack size 0 bytes, r_gpt.o(.text.R_GPT_Disable))
<BR>[Address Reference Count : 1]<UL><LI> r_gpt.o(.rodata.g_timer_on_gpt)
</UL>
<P><STRONG><a name="[28]"></a>R_GPT_DutyCycleSet</STRONG> (Thumb, 4 bytes, Stack size 0 bytes, r_gpt.o(.text.R_GPT_DutyCycleSet))
<BR>[Address Reference Count : 1]<UL><LI> r_gpt.o(.rodata.g_timer_on_gpt)
</UL>
<P><STRONG><a name="[25]"></a>R_GPT_Enable</STRONG> (Thumb, 54 bytes, Stack size 8 bytes, r_gpt.o(.text.R_GPT_Enable))
<BR><BR>[Stack]<UL><LI>Max Depth = 8<LI>Call Chain = R_GPT_Enable
</UL>
<BR>[Address Reference Count : 1]<UL><LI> r_gpt.o(.rodata.g_timer_on_gpt)
</UL>
<P><STRONG><a name="[2a]"></a>R_GPT_InfoGet</STRONG> (Thumb, 64 bytes, Stack size 0 bytes, r_gpt.o(.text.R_GPT_InfoGet))
<BR>[Address Reference Count : 1]<UL><LI> r_gpt.o(.rodata.g_timer_on_gpt)
</UL>
<P><STRONG><a name="[21]"></a>R_GPT_Open</STRONG> (Thumb, 842 bytes, Stack size 24 bytes, r_gpt.o(.text.R_GPT_Open))
<BR><BR>[Stack]<UL><LI>Max Depth = 24<LI>Call Chain = R_GPT_Open
</UL>
<BR>[Address Reference Count : 1]<UL><LI> r_gpt.o(.rodata.g_timer_on_gpt)
</UL>
<P><STRONG><a name="[27]"></a>R_GPT_PeriodSet</STRONG> (Thumb, 26 bytes, Stack size 0 bytes, r_gpt.o(.text.R_GPT_PeriodSet))
<BR>[Address Reference Count : 1]<UL><LI> r_gpt.o(.rodata.g_timer_on_gpt)
</UL>
<P><STRONG><a name="[24]"></a>R_GPT_Reset</STRONG> (Thumb, 10 bytes, Stack size 0 bytes, r_gpt.o(.text.R_GPT_Reset))
<BR>[Address Reference Count : 1]<UL><LI> r_gpt.o(.rodata.g_timer_on_gpt)
</UL>
<P><STRONG><a name="[22]"></a>R_GPT_Start</STRONG> (Thumb, 10 bytes, Stack size 0 bytes, r_gpt.o(.text.R_GPT_Start))
<BR>[Address Reference Count : 1]<UL><LI> r_gpt.o(.rodata.g_timer_on_gpt)
</UL>
<P><STRONG><a name="[2b]"></a>R_GPT_StatusGet</STRONG> (Thumb, 18 bytes, Stack size 0 bytes, r_gpt.o(.text.R_GPT_StatusGet))
<BR>[Address Reference Count : 1]<UL><LI> r_gpt.o(.rodata.g_timer_on_gpt)
</UL>
<P><STRONG><a name="[23]"></a>R_GPT_Stop</STRONG> (Thumb, 10 bytes, Stack size 0 bytes, r_gpt.o(.text.R_GPT_Stop))
<BR>[Address Reference Count : 1]<UL><LI> r_gpt.o(.rodata.g_timer_on_gpt)
</UL>
<P><STRONG><a name="[4a]"></a>R_IOPORT_Open</STRONG> (Thumb, 22 bytes, Stack size 8 bytes, r_ioport.o(.text.R_IOPORT_Open))
<BR><BR>[Stack]<UL><LI>Max Depth = 72<LI>Call Chain = R_IOPORT_Open &rArr; r_ioport_pins_config &rArr; bsp_vbatt_init &rArr; R_BSP_RegisterProtectDisable
</UL>
<BR>[Calls]<UL><LI><a href="#[4b]">&gt;&gt;</a>&nbsp;&nbsp;&nbsp;r_ioport_pins_config
</UL>
<BR>[Called By]<UL><LI><a href="#[49]">&gt;&gt;</a>&nbsp;&nbsp;&nbsp;R_BSP_WarmStart
</UL>

<P><STRONG><a name="[35]"></a>R_SCI_UART_Abort</STRONG> (Thumb, 34 bytes, Stack size 0 bytes, r_sci_uart.o(.text.R_SCI_UART_Abort))
<BR>[Address Reference Count : 1]<UL><LI> r_sci_uart.o(.rodata.g_uart_on_sci)
</UL>
<P><STRONG><a name="[33]"></a>R_SCI_UART_BaudSet</STRONG> (Thumb, 104 bytes, Stack size 8 bytes, r_sci_uart.o(.text.R_SCI_UART_BaudSet))
<BR><BR>[Stack]<UL><LI>Max Depth = 8<LI>Call Chain = R_SCI_UART_BaudSet
</UL>
<BR>[Address Reference Count : 1]<UL><LI> r_sci_uart.o(.rodata.g_uart_on_sci)
</UL>
<P><STRONG><a name="[36]"></a>R_SCI_UART_CallbackSet</STRONG> (Thumb, 14 bytes, Stack size 0 bytes, r_sci_uart.o(.text.R_SCI_UART_CallbackSet))
<BR>[Address Reference Count : 1]<UL><LI> r_sci_uart.o(.rodata.g_uart_on_sci)
</UL>
<P><STRONG><a name="[37]"></a>R_SCI_UART_Close</STRONG> (Thumb, 166 bytes, Stack size 0 bytes, r_sci_uart.o(.text.R_SCI_UART_Close))
<BR>[Address Reference Count : 1]<UL><LI> r_sci_uart.o(.rodata.g_uart_on_sci)
</UL>
<P><STRONG><a name="[34]"></a>R_SCI_UART_InfoGet</STRONG> (Thumb, 12 bytes, Stack size 0 bytes, r_sci_uart.o(.text.R_SCI_UART_InfoGet))
<BR>[Address Reference Count : 1]<UL><LI> r_sci_uart.o(.rodata.g_uart_on_sci)
</UL>
<P><STRONG><a name="[30]"></a>R_SCI_UART_Open</STRONG> (Thumb, 828 bytes, Stack size 32 bytes, r_sci_uart.o(.text.R_SCI_UART_Open))
<BR><BR>[Stack]<UL><LI>Max Depth = 32<LI>Call Chain = R_SCI_UART_Open
</UL>
<BR>[Address Reference Count : 1]<UL><LI> r_sci_uart.o(.rodata.g_uart_on_sci)
</UL>
<P><STRONG><a name="[31]"></a>R_SCI_UART_Read</STRONG> (Thumb, 10 bytes, Stack size 0 bytes, r_sci_uart.o(.text.R_SCI_UART_Read))
<BR>[Address Reference Count : 1]<UL><LI> r_sci_uart.o(.rodata.g_uart_on_sci)
</UL>
<P><STRONG><a name="[38]"></a>R_SCI_UART_ReadStop</STRONG> (Thumb, 14 bytes, Stack size 0 bytes, r_sci_uart.o(.text.R_SCI_UART_ReadStop))
<BR>[Address Reference Count : 1]<UL><LI> r_sci_uart.o(.rodata.g_uart_on_sci)
</UL>
<P><STRONG><a name="[3a]"></a>R_SCI_UART_ReceiveResume</STRONG> (Thumb, 4 bytes, Stack size 0 bytes, r_sci_uart.o(.text.R_SCI_UART_ReceiveResume))
<BR>[Address Reference Count : 1]<UL><LI> r_sci_uart.o(.rodata.g_uart_on_sci)
</UL>
<P><STRONG><a name="[39]"></a>R_SCI_UART_ReceiveSuspend</STRONG> (Thumb, 4 bytes, Stack size 0 bytes, r_sci_uart.o(.text.R_SCI_UART_ReceiveSuspend))
<BR>[Address Reference Count : 1]<UL><LI> r_sci_uart.o(.rodata.g_uart_on_sci)
</UL>
<P><STRONG><a name="[32]"></a>R_SCI_UART_Write</STRONG> (Thumb, 76 bytes, Stack size 8 bytes, r_sci_uart.o(.text.R_SCI_UART_Write))
<BR><BR>[Stack]<UL><LI>Max Depth = 8<LI>Call Chain = R_SCI_UART_Write
</UL>
<BR>[Address Reference Count : 1]<UL><LI> r_sci_uart.o(.rodata.g_uart_on_sci)
</UL>
<P><STRONG><a name="[0]"></a>Reset_Handler</STRONG> (Thumb, 10 bytes, Stack size 0 bytes, startup.o(.text.Reset_Handler))
<BR><BR>[Stack]<UL><LI>Max Depth = 216<LI>Call Chain = Reset_Handler &rArr; main &rArr; hal_entry &rArr; Adc_ProcessAll
</UL>
<BR>[Calls]<UL><LI><a href="#[4d]">&gt;&gt;</a>&nbsp;&nbsp;&nbsp;main
<LI><a href="#[4c]">&gt;&gt;</a>&nbsp;&nbsp;&nbsp;SystemInit
</UL>
<BR>[Address Reference Count : 1]<UL><LI> startup.o(.fixed_vectors)
</UL>
<P><STRONG><a name="[50]"></a>SystemCoreClockUpdate</STRONG> (Thumb, 44 bytes, Stack size 0 bytes, bsp_clocks.o(.text.SystemCoreClockUpdate))
<BR><BR>[Called By]<UL><LI><a href="#[4c]">&gt;&gt;</a>&nbsp;&nbsp;&nbsp;SystemInit
</UL>

<P><STRONG><a name="[4c]"></a>SystemInit</STRONG> (Thumb, 162 bytes, Stack size 8 bytes, system.o(.text.SystemInit))
<BR><BR>[Stack]<UL><LI>Max Depth = 80<LI>Call Chain = SystemInit &rArr; R_BSP_WarmStart &rArr; R_IOPORT_Open &rArr; r_ioport_pins_config &rArr; bsp_vbatt_init &rArr; R_BSP_RegisterProtectDisable
</UL>
<BR>[Calls]<UL><LI><a href="#[52]">&gt;&gt;</a>&nbsp;&nbsp;&nbsp;bsp_init
<LI><a href="#[51]">&gt;&gt;</a>&nbsp;&nbsp;&nbsp;bsp_irq_cfg
<LI><a href="#[47]">&gt;&gt;</a>&nbsp;&nbsp;&nbsp;R_BSP_RegisterProtectEnable
<LI><a href="#[46]">&gt;&gt;</a>&nbsp;&nbsp;&nbsp;R_BSP_RegisterProtectDisable
<LI><a href="#[44]">&gt;&gt;</a>&nbsp;&nbsp;&nbsp;R_BSP_Init_RTC
<LI><a href="#[50]">&gt;&gt;</a>&nbsp;&nbsp;&nbsp;SystemCoreClockUpdate
<LI><a href="#[4e]">&gt;&gt;</a>&nbsp;&nbsp;&nbsp;bsp_clock_init
<LI><a href="#[4f]">&gt;&gt;</a>&nbsp;&nbsp;&nbsp;SystemRuntimeInit
<LI><a href="#[49]">&gt;&gt;</a>&nbsp;&nbsp;&nbsp;R_BSP_WarmStart
</UL>
<BR>[Called By]<UL><LI><a href="#[0]">&gt;&gt;</a>&nbsp;&nbsp;&nbsp;Reset_Handler
</UL>

<P><STRONG><a name="[42]"></a>Uart2_SendData</STRONG> (Thumb, 38 bytes, Stack size 0 bytes, uart.o(.text.Uart2_SendData))
<BR><BR>[Called By]<UL><LI><a href="#[41]">&gt;&gt;</a>&nbsp;&nbsp;&nbsp;Lora_SendPacket
</UL>

<P><STRONG><a name="[5b]"></a>Uart3_GetData</STRONG> (Thumb, 86 bytes, Stack size 16 bytes, uart.o(.text.Uart3_GetData))
<BR><BR>[Stack]<UL><LI>Max Depth = 16<LI>Call Chain = Uart3_GetData
</UL>
<BR>[Called By]<UL><LI><a href="#[59]">&gt;&gt;</a>&nbsp;&nbsp;&nbsp;hal_entry
</UL>

<P><STRONG><a name="[55]"></a>Uart_Init</STRONG> (Thumb, 104 bytes, Stack size 16 bytes, uart.o(.text.Uart_Init))
<BR><BR>[Stack]<UL><LI>Max Depth = 16<LI>Call Chain = Uart_Init
</UL>
<BR>[Calls]<UL><LI><a href="#[3f]">&gt;&gt;</a>&nbsp;&nbsp;&nbsp;__aeabi_assert
</UL>
<BR>[Called By]<UL><LI><a href="#[59]">&gt;&gt;</a>&nbsp;&nbsp;&nbsp;hal_entry
</UL>

<P><STRONG><a name="[3f]"></a>__aeabi_assert</STRONG> (Thumb, 6 bytes, Stack size 0 bytes, bsp_common.o(.text.__aeabi_assert))
<BR><BR>[Called By]<UL><LI><a href="#[3e]">&gt;&gt;</a>&nbsp;&nbsp;&nbsp;Adc_Init
<LI><a href="#[40]">&gt;&gt;</a>&nbsp;&nbsp;&nbsp;Gpt_Init
<LI><a href="#[55]">&gt;&gt;</a>&nbsp;&nbsp;&nbsp;Uart_Init
</UL>

<P><STRONG><a name="[12]"></a>adc_callback</STRONG> (Thumb, 92 bytes, Stack size 32 bytes, adc.o(.text.adc_callback))
<BR><BR>[Stack]<UL><LI>Max Depth = 32<LI>Call Chain = adc_callback
</UL>
<BR>[Address Reference Count : 1]<UL><LI> hal_data.o(.rodata.g_adc0_cfg)
</UL>
<P><STRONG><a name="[11]"></a>adc_scan_end_isr</STRONG> (Thumb, 6 bytes, Stack size 0 bytes, r_adc.o(.text.adc_scan_end_isr))
<BR><BR>[Stack]<UL><LI>Max Depth = 88<LI>Call Chain = adc_scan_end_isr &rArr; r_adc_scan_end_common_isr
</UL>
<BR>[Calls]<UL><LI><a href="#[56]">&gt;&gt;</a>&nbsp;&nbsp;&nbsp;r_adc_scan_end_common_isr
</UL>
<BR>[Address Reference Count : 1]<UL><LI> vector_data.o(.application_vectors)
</UL>
<P><STRONG><a name="[4e]"></a>bsp_clock_init</STRONG> (Thumb, 316 bytes, Stack size 24 bytes, bsp_clocks.o(.text.bsp_clock_init))
<BR><BR>[Stack]<UL><LI>Max Depth = 24<LI>Call Chain = bsp_clock_init
</UL>
<BR>[Calls]<UL><LI><a href="#[57]">&gt;&gt;</a>&nbsp;&nbsp;&nbsp;R_BSP_SubClockStabilizeWaitAfterReset
<LI><a href="#[45]">&gt;&gt;</a>&nbsp;&nbsp;&nbsp;R_BSP_SoftwareDelay
</UL>
<BR>[Called By]<UL><LI><a href="#[4c]">&gt;&gt;</a>&nbsp;&nbsp;&nbsp;SystemInit
</UL>

<P><STRONG><a name="[52]"></a>bsp_init</STRONG> (Thumb, 2 bytes, Stack size 0 bytes, bsp_common.o(.text.bsp_init_internal))
<BR><BR>[Called By]<UL><LI><a href="#[4c]">&gt;&gt;</a>&nbsp;&nbsp;&nbsp;SystemInit
</UL>

<P><STRONG><a name="[6c]"></a>bsp_init_internal</STRONG> (Thumb, 2 bytes, Stack size 0 bytes, bsp_common.o(.text.bsp_init_internal), UNUSED)

<P><STRONG><a name="[51]"></a>bsp_irq_cfg</STRONG> (Thumb, 138 bytes, Stack size 32 bytes, bsp_irq.o(.text.bsp_irq_cfg))
<BR><BR>[Stack]<UL><LI>Max Depth = 40<LI>Call Chain = bsp_irq_cfg &rArr; R_BSP_RegisterProtectDisable
</UL>
<BR>[Calls]<UL><LI><a href="#[47]">&gt;&gt;</a>&nbsp;&nbsp;&nbsp;R_BSP_RegisterProtectEnable
<LI><a href="#[46]">&gt;&gt;</a>&nbsp;&nbsp;&nbsp;R_BSP_RegisterProtectDisable
</UL>
<BR>[Called By]<UL><LI><a href="#[4c]">&gt;&gt;</a>&nbsp;&nbsp;&nbsp;SystemInit
</UL>

<P><STRONG><a name="[48]"></a>bsp_prv_software_delay_loop</STRONG> (Thumb, 8 bytes, Stack size 0 bytes, bsp_delay.o(.text.bsp_prv_software_delay_loop))
<BR><BR>[Calls]<UL><LI><a href="#[48]">&gt;&gt;</a>&nbsp;&nbsp;&nbsp;bsp_prv_software_delay_loop
</UL>
<BR>[Called By]<UL><LI><a href="#[48]">&gt;&gt;</a>&nbsp;&nbsp;&nbsp;bsp_prv_software_delay_loop
<LI><a href="#[45]">&gt;&gt;</a>&nbsp;&nbsp;&nbsp;R_BSP_SoftwareDelay
</UL>

<P><STRONG><a name="[f]"></a>dmac_int_isr</STRONG> (Thumb, 72 bytes, Stack size 16 bytes, r_dmac.o(.text.dmac_int_isr))
<BR><BR>[Stack]<UL><LI>Max Depth = 16<LI>Call Chain = dmac_int_isr
</UL>
<BR>[Address Reference Count : 1]<UL><LI> vector_data.o(.application_vectors)
</UL>
<P><STRONG><a name="[20]"></a>gpt0_callback</STRONG> (Thumb, 20 bytes, Stack size 0 bytes, gpt.o(.text.gpt0_callback))
<BR>[Address Reference Count : 1]<UL><LI> hal_data.o(.rodata.g_timer0_cfg)
</UL>
<P><STRONG><a name="[10]"></a>gpt_counter_overflow_isr</STRONG> (Thumb, 446 bytes, Stack size 24 bytes, r_gpt.o(.text.gpt_counter_overflow_isr))
<BR><BR>[Stack]<UL><LI>Max Depth = 24<LI>Call Chain = gpt_counter_overflow_isr
</UL>
<BR>[Address Reference Count : 1]<UL><LI> vector_data.o(.application_vectors)
</UL>
<P><STRONG><a name="[59]"></a>hal_entry</STRONG> (Thumb, 432 bytes, Stack size 184 bytes, hal_entry.o(.text.hal_entry))
<BR><BR>[Stack]<UL><LI>Max Depth = 208<LI>Call Chain = hal_entry &rArr; Adc_ProcessAll
</UL>
<BR>[Calls]<UL><LI><a href="#[62]">&gt;&gt;</a>&nbsp;&nbsp;&nbsp;Adc_JoystickDir
<LI><a href="#[61]">&gt;&gt;</a>&nbsp;&nbsp;&nbsp;Adc_GetDirection
<LI><a href="#[60]">&gt;&gt;</a>&nbsp;&nbsp;&nbsp;Adc_GetResult
<LI><a href="#[5f]">&gt;&gt;</a>&nbsp;&nbsp;&nbsp;Adc_ProcessAll
<LI><a href="#[5e]">&gt;&gt;</a>&nbsp;&nbsp;&nbsp;Adc_ScanCompleteCheck
<LI><a href="#[5d]">&gt;&gt;</a>&nbsp;&nbsp;&nbsp;Adc_StartScan
<LI><a href="#[5c]">&gt;&gt;</a>&nbsp;&nbsp;&nbsp;Gpt_TimeoutCheck
<LI><a href="#[5b]">&gt;&gt;</a>&nbsp;&nbsp;&nbsp;Uart3_GetData
<LI><a href="#[5a]">&gt;&gt;</a>&nbsp;&nbsp;&nbsp;Gpt_Start
<LI><a href="#[3e]">&gt;&gt;</a>&nbsp;&nbsp;&nbsp;Adc_Init
<LI><a href="#[40]">&gt;&gt;</a>&nbsp;&nbsp;&nbsp;Gpt_Init
<LI><a href="#[55]">&gt;&gt;</a>&nbsp;&nbsp;&nbsp;Uart_Init
<LI><a href="#[41]">&gt;&gt;</a>&nbsp;&nbsp;&nbsp;Lora_SendPacket
<LI><a href="#[64]">&gt;&gt;</a>&nbsp;&nbsp;&nbsp;Lora_BuildJoyPacket
<LI><a href="#[63]">&gt;&gt;</a>&nbsp;&nbsp;&nbsp;Lora_BuildScrPacket
</UL>
<BR>[Called By]<UL><LI><a href="#[4d]">&gt;&gt;</a>&nbsp;&nbsp;&nbsp;main
</UL>

<P><STRONG><a name="[2e]"></a>lora_callback</STRONG> (Thumb, 22 bytes, Stack size 0 bytes, uart.o(.text.lora_callback))
<BR>[Address Reference Count : 1]<UL><LI> hal_data.o(.rodata.g_uart2_cfg)
</UL>
<P><STRONG><a name="[4d]"></a>main</STRONG> (Thumb, 10 bytes, Stack size 8 bytes, main.o(.text.main))
<BR><BR>[Stack]<UL><LI>Max Depth = 216<LI>Call Chain = main &rArr; hal_entry &rArr; Adc_ProcessAll
</UL>
<BR>[Calls]<UL><LI><a href="#[59]">&gt;&gt;</a>&nbsp;&nbsp;&nbsp;hal_entry
</UL>
<BR>[Called By]<UL><LI><a href="#[0]">&gt;&gt;</a>&nbsp;&nbsp;&nbsp;Reset_Handler
</UL>

<P><STRONG><a name="[e]"></a>sci_uart_eri_isr</STRONG> (Thumb, 106 bytes, Stack size 16 bytes, r_sci_uart.o(.text.sci_uart_eri_isr))
<BR><BR>[Stack]<UL><LI>Max Depth = 48<LI>Call Chain = sci_uart_eri_isr &rArr; r_sci_uart_call_callback
</UL>
<BR>[Calls]<UL><LI><a href="#[65]">&gt;&gt;</a>&nbsp;&nbsp;&nbsp;r_sci_uart_call_callback
</UL>
<BR>[Address Reference Count : 1]<UL><LI> vector_data.o(.application_vectors)
</UL>
<P><STRONG><a name="[b]"></a>sci_uart_rxi_isr</STRONG> (Thumb, 136 bytes, Stack size 16 bytes, r_sci_uart.o(.text.sci_uart_rxi_isr))
<BR><BR>[Stack]<UL><LI>Max Depth = 48<LI>Call Chain = sci_uart_rxi_isr &rArr; r_sci_uart_call_callback
</UL>
<BR>[Calls]<UL><LI><a href="#[66]">&gt;&gt;</a>&nbsp;&nbsp;&nbsp;__aeabi_memcpy
<LI><a href="#[65]">&gt;&gt;</a>&nbsp;&nbsp;&nbsp;r_sci_uart_call_callback
</UL>
<BR>[Address Reference Count : 1]<UL><LI> vector_data.o(.application_vectors)
</UL>
<P><STRONG><a name="[d]"></a>sci_uart_tei_isr</STRONG> (Thumb, 74 bytes, Stack size 8 bytes, r_sci_uart.o(.text.sci_uart_tei_isr))
<BR><BR>[Stack]<UL><LI>Max Depth = 40<LI>Call Chain = sci_uart_tei_isr &rArr; r_sci_uart_call_callback
</UL>
<BR>[Calls]<UL><LI><a href="#[65]">&gt;&gt;</a>&nbsp;&nbsp;&nbsp;r_sci_uart_call_callback
</UL>
<BR>[Address Reference Count : 1]<UL><LI> vector_data.o(.application_vectors)
</UL>
<P><STRONG><a name="[c]"></a>sci_uart_txi_isr</STRONG> (Thumb, 136 bytes, Stack size 0 bytes, r_sci_uart.o(.text.sci_uart_txi_isr))
<BR><BR>[Stack]<UL><LI>Max Depth = 32<LI>Call Chain = sci_uart_txi_isr &rArr; r_sci_uart_call_callback
</UL>
<BR>[Calls]<UL><LI><a href="#[65]">&gt;&gt;</a>&nbsp;&nbsp;&nbsp;r_sci_uart_call_callback
</UL>
<BR>[Address Reference Count : 1]<UL><LI> vector_data.o(.application_vectors)
</UL>
<P><STRONG><a name="[2f]"></a>uart3_callback</STRONG> (Thumb, 58 bytes, Stack size 0 bytes, uart.o(.text.uart3_callback))
<BR>[Address Reference Count : 1]<UL><LI> hal_data.o(.rodata.g_uart3_cfg)
</UL><P>
<H3>
Local Symbols
</H3>
<P><STRONG><a name="[4f]"></a>SystemRuntimeInit</STRONG> (Thumb, 90 bytes, Stack size 24 bytes, system.o(.text.SystemRuntimeInit))
<BR><BR>[Stack]<UL><LI>Max Depth = 24<LI>Call Chain = SystemRuntimeInit
</UL>
<BR>[Calls]<UL><LI><a href="#[53]">&gt;&gt;</a>&nbsp;&nbsp;&nbsp;__aeabi_memclr4
<LI><a href="#[54]">&gt;&gt;</a>&nbsp;&nbsp;&nbsp;__aeabi_memcpy4
</UL>
<BR>[Called By]<UL><LI><a href="#[4c]">&gt;&gt;</a>&nbsp;&nbsp;&nbsp;SystemInit
</UL>

<P><STRONG><a name="[43]"></a>r_adc_irq_enable</STRONG> (Thumb, 88 bytes, Stack size 0 bytes, r_adc.o(.text.r_adc_irq_enable))
<BR><BR>[Called By]<UL><LI><a href="#[13]">&gt;&gt;</a>&nbsp;&nbsp;&nbsp;R_ADC_Open
</UL>

<P><STRONG><a name="[56]"></a>r_adc_scan_end_common_isr</STRONG> (Thumb, 176 bytes, Stack size 88 bytes, r_adc.o(.text.r_adc_scan_end_common_isr))
<BR><BR>[Stack]<UL><LI>Max Depth = 88<LI>Call Chain = r_adc_scan_end_common_isr
</UL>
<BR>[Called By]<UL><LI><a href="#[11]">&gt;&gt;</a>&nbsp;&nbsp;&nbsp;adc_scan_end_isr
</UL>

<P><STRONG><a name="[4b]"></a>r_ioport_pins_config</STRONG> (Thumb, 192 bytes, Stack size 16 bytes, r_ioport.o(.text.r_ioport_pins_config))
<BR><BR>[Stack]<UL><LI>Max Depth = 64<LI>Call Chain = r_ioport_pins_config &rArr; bsp_vbatt_init &rArr; R_BSP_RegisterProtectDisable
</UL>
<BR>[Calls]<UL><LI><a href="#[58]">&gt;&gt;</a>&nbsp;&nbsp;&nbsp;bsp_vbatt_init
</UL>
<BR>[Called By]<UL><LI><a href="#[4a]">&gt;&gt;</a>&nbsp;&nbsp;&nbsp;R_IOPORT_Open
</UL>

<P><STRONG><a name="[58]"></a>bsp_vbatt_init</STRONG> (Thumb, 204 bytes, Stack size 40 bytes, r_ioport.o(.text.bsp_vbatt_init))
<BR><BR>[Stack]<UL><LI>Max Depth = 48<LI>Call Chain = bsp_vbatt_init &rArr; R_BSP_RegisterProtectDisable
</UL>
<BR>[Calls]<UL><LI><a href="#[45]">&gt;&gt;</a>&nbsp;&nbsp;&nbsp;R_BSP_SoftwareDelay
<LI><a href="#[47]">&gt;&gt;</a>&nbsp;&nbsp;&nbsp;R_BSP_RegisterProtectEnable
<LI><a href="#[46]">&gt;&gt;</a>&nbsp;&nbsp;&nbsp;R_BSP_RegisterProtectDisable
</UL>
<BR>[Called By]<UL><LI><a href="#[4b]">&gt;&gt;</a>&nbsp;&nbsp;&nbsp;r_ioport_pins_config
</UL>

<P><STRONG><a name="[65]"></a>r_sci_uart_call_callback</STRONG> (Thumb, 64 bytes, Stack size 32 bytes, r_sci_uart.o(.text.r_sci_uart_call_callback))
<BR><BR>[Stack]<UL><LI>Max Depth = 32<LI>Call Chain = r_sci_uart_call_callback
</UL>
<BR>[Called By]<UL><LI><a href="#[e]">&gt;&gt;</a>&nbsp;&nbsp;&nbsp;sci_uart_eri_isr
<LI><a href="#[d]">&gt;&gt;</a>&nbsp;&nbsp;&nbsp;sci_uart_tei_isr
<LI><a href="#[b]">&gt;&gt;</a>&nbsp;&nbsp;&nbsp;sci_uart_rxi_isr
<LI><a href="#[c]">&gt;&gt;</a>&nbsp;&nbsp;&nbsp;sci_uart_txi_isr
</UL>
<P>
<H3>
Undefined Global Symbols
</H3><HR></body></html>
