Component: Arm Compiler for Embedded 6.24 Tool: armlink [5f371500]

==============================================================================

Section Cross References

    hal_entry.o(.text) refers (Special) to _scanf_int.o(.text) for _scanf_int
    hal_entry.o(.text) refers (Special) to _scanf_str.o(.text) for _scanf_string
    hal_entry.o(.text) refers (Special) to scanf_fp.o(.text) for _scanf_real
    hal_entry.o(.text.hal_entry) refers (Special) to _scanf_int.o(.text) for _scanf_int
    hal_entry.o(.text.hal_entry) refers (Special) to _scanf_str.o(.text) for _scanf_string
    hal_entry.o(.text.hal_entry) refers (Special) to scanf_fp.o(.text) for _scanf_real
    hal_entry.o(.text.hal_entry) refers to uart.o(.text.UART2_Init) for UART2_Init
    hal_entry.o(.text.hal_entry) refers to uart.o(.text.UART5_Init) for UART5_Init
    hal_entry.o(.text.hal_entry) refers to uart.o(.text.UART3_Init) for UART3_Init
    hal_entry.o(.text.hal_entry) refers to uart.o(.text.UART4_Init) for UART4_Init
    hal_entry.o(.text.hal_entry) refers to gpt.o(.text.gpt0_init) for gpt0_init
    hal_entry.o(.text.hal_entry) refers to uart.o(.bss.RData2) for RData2
    hal_entry.o(.text.hal_entry) refers to hal_entry.o(.bss.TData) for TData
    hal_entry.o(.text.hal_entry) refers to uart.o(.bss.uart3_send_complete_flag) for uart3_send_complete_flag
    hal_entry.o(.text.hal_entry) refers to uart.o(.bss.uart4_flag) for uart4_flag
    hal_entry.o(.text.hal_entry) refers to uart.o(.bss.uart5_flag) for uart5_flag
    hal_entry.o(.text.hal_entry) refers to gpt.o(.bss.gpt_flag) for gpt_flag
    hal_entry.o(.text.hal_entry) refers to uart.o(.bss.uart2_flag) for uart2_flag
    hal_entry.o(.text.hal_entry) refers to hal_entry.o(.rodata.str1.1) for .L.str.1
    hal_entry.o(.text.hal_entry) refers to uart.o(.text.printf_string) for printf_string
    hal_entry.o(.text.hal_entry) refers to uart.o(.text.printf_number) for printf_number
    hal_entry.o(.text.hal_entry) refers to hal_data.o(.bss.g_uart3_ctrl) for g_uart3_ctrl
    hal_entry.o(.text.hal_entry) refers to r_sci_uart.o(.text.R_SCI_UART_Write) for R_SCI_UART_Write
    hal_entry.o(.text.hal_entry) refers to uart.o(.bss.RData4) for RData4
    hal_entry.o(.text.hal_entry) refers to hal_entry.o(.bss.dataid_int) for dataid_int
    hal_entry.o(.text.hal_entry) refers to hal_entry.o(.bss.dataversion) for dataversion
    hal_entry.o(.text.hal_entry) refers to hal_entry.o(.bss.strdatavalue) for strdatavalue
    hal_entry.o(.text.hal_entry) refers to hal_entry.o(.bss.dataid) for dataid
    hal_entry.o(.text.hal_entry) refers to __0sscanf.o(.text) for __0sscanf
    hal_entry.o(.text.hal_entry) refers to uart.o(.data.timedata) for timedata
    hal_entry.o(.text.hal_entry) refers to hal_entry.o(.bss.datavalue) for datavalue
    hal_entry.o(.text.hal_entry) refers to f2d.o(.text) for __aeabi_f2d
    hal_entry.o(.text.hal_entry) refers to printfa.o(i.__0sprintf) for __2sprintf
    hal_entry.o(.text.hal_entry) refers to uart.o(.bss.turb) for turb
    hal_entry.o(.text.hal_entry) refers to uart.o(.bss.dht11) for dht11
    hal_entry.o(.text.hal_entry) refers to uart.o(.bss.humi) for humi
    hal_entry.o(.text.hal_entry) refers to uart.o(.bss.temp) for temp
    hal_entry.o(.text.hal_entry) refers to uart.o(.bss.ph) for ph
    hal_entry.o(.text.hal_entry) refers to uart.o(.bss.cond) for cond
    hal_entry.o(.text.hal_entry) refers to uart.o(.text.printf_float) for printf_float
    hal_entry.o(.text.hal_entry) refers to memseta.o(.text) for __aeabi_memclr4
    hal_entry.o(.text.hal_entry) refers to uart.o(.bss.imu_x) for imu_x
    hal_entry.o(.text.hal_entry) refers to uart.o(.bss.imu_y) for imu_y
    hal_entry.o(.text.hal_entry) refers to uart.o(.bss.imu_z) for imu_z
    hal_entry.o(.ARM.exidx.text.hal_entry) refers (Special) to _scanf_int.o(.text) for _scanf_int
    hal_entry.o(.ARM.exidx.text.hal_entry) refers (Special) to _scanf_str.o(.text) for _scanf_string
    hal_entry.o(.ARM.exidx.text.hal_entry) refers (Special) to scanf_fp.o(.text) for _scanf_real
    hal_entry.o(.ARM.exidx.text.hal_entry) refers to hal_entry.o(.text.hal_entry) for [Anonymous Symbol]
    hal_entry.o(.bss.dataid_int) refers (Special) to _scanf_int.o(.text) for _scanf_int
    hal_entry.o(.bss.dataid_int) refers (Special) to _scanf_str.o(.text) for _scanf_string
    hal_entry.o(.bss.dataid_int) refers (Special) to scanf_fp.o(.text) for _scanf_real
    hal_entry.o(.bss.strdataid_int) refers (Special) to _scanf_int.o(.text) for _scanf_int
    hal_entry.o(.bss.strdataid_int) refers (Special) to _scanf_str.o(.text) for _scanf_string
    hal_entry.o(.bss.strdataid_int) refers (Special) to scanf_fp.o(.text) for _scanf_real
    hal_entry.o(.bss.dataversion) refers (Special) to _scanf_int.o(.text) for _scanf_int
    hal_entry.o(.bss.dataversion) refers (Special) to _scanf_str.o(.text) for _scanf_string
    hal_entry.o(.bss.dataversion) refers (Special) to scanf_fp.o(.text) for _scanf_real
[...]
    uart2_send_complete_flag                 0x2000183d   Data           1  uart.o(.bss.uart2_send_complete_flag)
    uart3_send_complete_flag                 0x2000183e   Data           1  uart.o(.bss.uart3_send_complete_flag)
    uart4_flag                               0x2000183f   Data           1  uart.o(.bss.uart4_flag)
    uart4_send_complete_flag                 0x20001840   Data           1  uart.o(.bss.uart4_send_complete_flag)
    uart5_flag                               0x20001841   Data           1  uart.o(.bss.uart5_flag)
    uart5_send_complete_flag                 0x20001842   Data           1  uart.o(.bss.uart5_send_complete_flag)
    Image$$__ram_zero$$ZI$$Limit             0x20001844   Number         0  anon$$obj.o ABSOLUTE
    Image$$__ddsc_RAM_END$$Base              0x20001c00   Number         0  anon$$obj.o ABSOLUTE
    Image$$__ddsc_RAM_NSC$$Base              0x20001c00   Number         0  anon$$obj.o ABSOLUTE
    Image$$__ddsc_QSPI_FLASH_END$$Base       0x60000000   Number         0  anon$$obj.o ABSOLUTE
    Image$$__ddsc_QSPI_FLASH_START$$Base     0x60000000   Number         0  anon$$obj.o ABSOLUTE
    Load$$__ospi0_cs0_from_qspi_flash$$Base  0x60000000   Number         0  anon$$obj.o ABSOLUTE
    Load$$__ram_from_qspi_flash$$Base        0x60000000   Number         0  anon$$obj.o ABSOLUTE
    Image$$__ddsc_OSPI0_CS0_END$$Base        0x68000000   Number         0  anon$$obj.o ABSOLUTE
    Image$$__ddsc_OSPI0_CS0_START$$Base      0x68000000   Number         0  anon$$obj.o ABSOLUTE
    Image$$__ospi0_cs0_from_data_flash$$Base 0x68000000   Number         0  anon$$obj.o ABSOLUTE
    Image$$__ospi0_cs0_from_data_flash$$Limit 0x68000000   Number         0  anon$$obj.o ABSOLUTE
    Image$$__ospi0_cs0_from_flash$$Base      0x68000000   Number         0  anon$$obj.o ABSOLUTE
    Image$$__ospi0_cs0_from_flash$$Limit     0x68000000   Number         0  anon$$obj.o ABSOLUTE
    Image$$__ospi0_cs0_from_ospi0_cs1$$Base  0x68000000   Number         0  anon$$obj.o ABSOLUTE
    Image$$__ospi0_cs0_from_ospi0_cs1$$Limit 0x68000000   Number         0  anon$$obj.o ABSOLUTE
    Image$$__ospi0_cs0_from_qspi_flash$$Base 0x68000000   Number         0  anon$$obj.o ABSOLUTE
    Image$$__ospi0_cs0_from_qspi_flash$$Limit 0x68000000   Number         0  anon$$obj.o ABSOLUTE
    Image$$__ospi0_cs0_noinit_nocache$$ZI$$Base 0x68000000   Number         0  anon$$obj.o ABSOLUTE
    Image$$__ospi0_cs0_zero$$ZI$$Base        0x68000000   Number         0  anon$$obj.o ABSOLUTE
    Image$$__ospi0_cs0_zero$$ZI$$Limit       0x68000000   Number         0  anon$$obj.o ABSOLUTE
    Image$$__ospi0_cs0_zero_nocache$$ZI$$Base 0x68000000   Number         0  anon$$obj.o ABSOLUTE
    Image$$__ospi0_cs0_zero_nocache_pad$$ZI$$Limit 0x68000000   Number         0  anon$$obj.o ABSOLUTE
    Image$$__ddsc_OSPI0_CS1_END$$Base        0x70000000   Number         0  anon$$obj.o ABSOLUTE
    Image$$__ddsc_OSPI0_CS1_START$$Base      0x70000000   Number         0  anon$$obj.o ABSOLUTE
    Load$$__ospi0_cs0_from_ospi0_cs1$$Base   0x70000000   Number         0  anon$$obj.o ABSOLUTE
    Load$$__ram_from_ospi0_cs1$$Base         0x70000000   Number         0  anon$$obj.o ABSOLUTE



==============================================================================

Memory Map of the image

  Image Entry point : 0x00001985

  Load Region LOAD_REGION_QSPI_FLASH (Base: 0x60000000, Size: 0x00000000, Max: 0x04000000, ABSOLUTE)

    Execution Region __RAM_start (Exec base: 0x20000000, Load base: 0x60000000, Size: 0x00000000, Max: 0x00000000, ABSOLUTE)

    Exec Addr    Load Addr    Size         Type   Attr      Idx    E Section Name        Object

    0x20000000        -       0x00000000   Zero   RW            8    __RAM_start.bss     anon$$obj.o


    Execution Region __ddsc_RAM_START (Exec base: 0x20000000, Load base: 0x60000000, Size: 0x00000000, Max: 0x00000000, ABSOLUTE)

    Exec Addr    Load Addr    Size         Type   Attr      Idx    E Section Name        Object

    0x20000000        -       0x00000000   Zero   RW            9    __ddsc_RAM_START.bss  anon$$obj.o


    Execution Region .ram.startof (Exec base: 0x20000000, Load base: 0x60000000, Size: 0x00000000, Max: 0x00000000, ABSOLUTE)

    Exec Addr    Load Addr    Size         Type   Attr      Idx    E Section Name        Object

    0x20000000        -       0x00000000   Zero   RW           10    .ram.startof.bss    anon$$obj.o


    Execution Region __ram_dtc_vector (Exec base: 0x20000000, Load base: 0x60000000, Size: 0x00000000, Max: 0xffffffff, ABSOLUTE, UNINIT)

    **** No section assigned to this execution region ****


    Execution Region __ram_from_qspi_flash (Exec base: 0x20000000, Load base: 0x60000000, Size: 0x00000000, Max: 0xffffffff, ABSOLUTE)

    **** No section assigned to this execution region ****


    Execution Region __QSPI_FLASH_start (Exec base: 0x60000000, Load base: 0x60000000, Size: 0x00000000, Max: 0x00000000, ABSOLUTE)

    Exec Addr    Load Addr    Size         Type   Attr      Idx    E Section Name        Object

    0x60000000        -       0x00000000   Zero   RW            1    __QSPI_FLASH_start.bss  anon$$obj.o


    Execution Region __QSPI_FLASH_init (Exec base: 0x60000000, Load base: 0x60000000, Size: 0x00000000, Max: 0x00000000, ABSOLUTE)

    Exec Addr    Load Addr    Size         Type   Attr      Idx    E Section Name        Object

    0x60000000        -       0x00000000   Zero   RW            2    __QSPI_FLASH_init.bss  anon$$obj.o


    Execution Region __ddsc_QSPI_FLASH_START (Exec base: 0x60000000, Load base: 0x60000000, Size: 0x00000000, Max: 0x00000000, ABSOLUTE)

    Exec Addr    Load Addr    Size         Type   Attr      Idx    E Section Name        Object

    0x60000000        -       0x00000000   Zero   RW            3    __ddsc_QSPI_FLASH_START.bss  anon$$obj.o


    Execution Region .qspi_flash.startof (Exec base: 0x60000000, Load base: 0x60000000, Size: 0x00000000, Max: 0x00000000, ABSOLUTE)

    Exec Addr    Load Addr    Size         Type   Attr      Idx    E Section Name        Object

    0x60000000        -       0x00000000   Zero   RW            4    .qspi_flash.startof.bss  anon$$obj.o


    Execution Region __OSPI0_CS0_start (Exec base: 0x68000000, Load base: 0x60000000, Size: 0x00000000, Max: 0x00000000, ABSOLUTE)

    Exec Addr    Load Addr    Size         Type   Attr      Idx    E Section Name        Object

    0x68000000        -       0x00000000   Zero   RW            5    __OSPI0_CS0_start.bss  anon$$obj.o


    Execution Region __ddsc_OSPI0_CS0_START (Exec base: 0x68000000, Load base: 0x60000000, Size: 0x00000000, Max: 0x00000000, ABSOLUTE)

    Exec Addr    Load Addr    Size         Type   Attr      Idx    E Section Name        Object

    0x68000000        -       0x00000000   Zero   RW            6    __ddsc_OSPI0_CS0_START.bss  anon$$obj.o


    Execution Region .ospi0_cs0.startof (Exec base: 0x68000000, Load base: 0x60000000, Size: 0x00000000, Max: 0x00000000, ABSOLUTE)

    Exec Addr    Load Addr    Size         Type   Attr      Idx    E Section Name        Object

    0x68000000        -       0x00000000   Zero   RW            7    .ospi0_cs0.startof.bss  anon$$obj.o


    Execution Region __ospi0_cs0_from_qspi_flash (Exec base: 0x68000000, Load base: 0x60000000, Size: 0x00000000, Max: 0xffffffff, ABSOLUTE)

    **** No section assigned to this execution region ****



  Load Region LOAD_REGION_QSPI_FLASH_JUMP (Base: 0x60000000, Size: 0x00000000, Max: 0xffffffff, ABSOLUTE)

    Execution Region __qspi_flash_readonly (Exec base: 0x60000000, Load base: 0x60000000, Size: 0x00000000, Max: 0xffffffff, ABSOLUTE, FIXED)

    **** No section assigned to this execution region ****


    Execution Region __qspi_flash_noinit (Exec base: 0x60000000, Load base: 0x60000000, Size: 0x00000000, Max: 0xffffffff, ABSOLUTE, UNINIT, FIXED)

    **** No section assigned to this execution region ****


    Execution Region __ddsc_QSPI_FLASH_END (Exec base: 0x60000000, Load base: 0x60000000, Size: 0x00000000, Max: 0x00000000, ABSOLUTE)

    Exec Addr    Load Addr    Size         Type   Attr      Idx    E Section Name        Object

    0x60000000        -       0x00000000   Zero   RW           11    __ddsc_QSPI_FLASH_END.bss  anon$$obj.o


    Execution Region .qspi_flash.endof (Exec base: 0x60000000, Load base: 0x60000000, Size: 0x00000000, Max: 0x00000000, ABSOLUTE)

    Exec Addr    Load Addr    Size         Type   Attr      Idx    E Section Name        Object

    0x60000000        -       0x00000000   Zero   RW           12    .qspi_flash.endof.bss  anon$$obj.o


    Execution Region __QSPI_FLASH_end (Exec base: 0x60000000, Load base: 0x60000000, Size: 0x00000000, Max: 0x00000000, ABSOLUTE)

    Exec Addr    Load Addr    Size         Type   Attr      Idx    E Section Name        Object

    0x60000000        -       0x00000000   Zero   RW           13    __QSPI_FLASH_end.bss  anon$$obj.o



  Load Region LOAD_REGION_OSPI0_CS1 (Base: 0x70000000, Size: 0x00000000, Max: 0x10000000, ABSOLUTE)

    Execution Region __ram_from_qspi_flash_jump (Exec base: 0x20000000, Load base: 0x70000000, Size: 0x00000000, Max: 0x00000000, ABSOLUTE)

    Exec Addr    Load Addr    Size         Type   Attr      Idx    E Section Name        Object

    0x20000000        -       0x00000000   Zero   RW           19    __ram_from_qspi_flash_jump.bss  anon$$obj.o


    Execution Region __ram_from_ospi0_cs1 (Exec base: 0x20000000, Load base: 0x70000000, Size: 0x00000000, Max: 0xffffffff, ABSOLUTE)

    **** No section assigned to this execution region ****


    Execution Region __ospi0_cs0_from_qspi_flash_jump (Exec base: 0x68000000, Load base: 0x70000000, Size: 0x00000000, Max: 0x00000000, ABSOLUTE)

    Exec Addr    Load Addr    Size         Type   Attr      Idx    E Section Name        Object

    0x68000000        -       0x00000000   Zero   RW           18    __ospi0_cs0_from_qspi_flash_jump.bss  anon$$obj.o


    Execution Region __ospi0_cs0_from_ospi0_cs1 (Exec base: 0x68000000, Load base: 0x70000000, Size: 0x00000000, Max: 0xffffffff, ABSOLUTE)

    **** No section assigned to this execution region ****


    Execution Region __OSPI0_CS1_start (Exec base: 0x70000000, Load base: 0x70000000, Size: 0x00000000, Max: 0x00000000, ABSOLUTE)

    Exec Addr    Load Addr    Size         Type   Attr      Idx    E Section Name        Object

    0x70000000        -       0x00000000   Zero   RW           14    __OSPI0_CS1_start.bss  anon$$obj.o


    Execution Region __OSPI0_CS1_init (Exec base: 0x70000000, Load base: 0x70000000, Size: 0x00000000, Max: 0x00000000, ABSOLUTE)

    Exec Addr    Load Addr    Size         Type   Attr      Idx    E Section Name        Object

    0x70000000        -       0x00000000   Zero   RW           15    __OSPI0_CS1_init.bss  anon$$obj.o


    Execution Region __ddsc_OSPI0_CS1_START (Exec base: 0x70000000, Load base: 0x70000000, Size: 0x00000000, Max: 0x00000000, ABSOLUTE)

    Exec Addr    Load Addr    Size         Type   Attr      Idx    E Section Name        Object

    0x70000000        -       0x00000000   Zero   RW           16    __ddsc_OSPI0_CS1_START.bss  anon$$obj.o


    Execution Region .ospi0_cs1.startof (Exec base: 0x70000000, Load base: 0x70000000, Size: 0x00000000, Max: 0x00000000, ABSOLUTE)

    Exec Addr    Load Addr    Size         Type   Attr      Idx    E Section Name        Object

    0x70000000        -       0x00000000   Zero   RW           17    .ospi0_cs1.startof.bss  anon$$obj.o



  Load Region LOAD_REGION_OSPI0_CS1_JUMP (Base: 0x70000000, Size: 0x00000000, Max: 0xffffffff, ABSOLUTE)

    Execution Region __ospi0_cs1_readonly (Exec base: 0x70000000, Load base: 0x70000000, Size: 0x00000000, Max: 0xffffffff, ABSOLUTE, FIXED)

    **** No section assigned to this execution region ****


    Execution Region __ospi0_cs1_noinit (Exec base: 0x70000000, Load base: 0x70000000, Size: 0x00000000, Max: 0xffffffff, ABSOLUTE, UNINIT, FIXED)

    **** No section assigned to this execution region ****


    Execution Region __ddsc_OSPI0_CS1_END (Exec base: 0x70000000, Load base: 0x70000000, Size: 0x00000000, Max: 0x00000000, ABSOLUTE)

    Exec Addr    Load Addr    Size         Type   Attr      Idx    E Section Name        Object

    0x70000000        -       0x00000000   Zero   RW           20    __ddsc_OSPI0_CS1_END.bss  anon$$obj.o


    Execution Region .ospi0_cs1.endof (Exec base: 0x70000000, Load base: 0x70000000, Size: 0x00000000, Max: 0x00000000, ABSOLUTE)

    Exec Addr    Load Addr    Size         Type   Attr      Idx    E Section Name        Object

    0x70000000        -       0x00000000   Zero   RW           21    .ospi0_cs1.endof.bss  anon$$obj.o


    Execution Region __OSPI0_CS1_end (Exec base: 0x70000000, Load base: 0x70000000, Size: 0x00000000, Max: 0x00000000, ABSOLUTE)

    Exec Addr    Load Addr    Size         Type   Attr      Idx    E Section Name        Object

    0x70000000        -       0x00000000   Zero   RW           22    __OSPI0_CS1_end.bss  anon$$obj.o



  Load Region LOAD_REGION_DATA_FLASH (Base: 0x08000000, Size: 0x00000000, Max: 0x00002000, ABSOLUTE)

    Execution Region __DATA_FLASH_start (Exec base: 0x08000000, Load base: 0x08000000, Size: 0x00000000, Max: 0x00000000, ABSOLUTE)

    Exec Addr    Load Addr    Size         Type   Attr      Idx    E Section Name        Object

    0x08000000        -       0x00000000   Zero   RW           23    __DATA_FLASH_start.bss  anon$$obj.o


    Execution Region __DATA_FLASH_init (Exec base: 0x08000000, Load base: 0x08000000, Size: 0x00000000, Max: 0x00000000, ABSOLUTE)

    Exec Addr    Load Addr    Size         Type   Attr      Idx    E Section Name        Object

    0x08000000        -       0x00000000   Zero   RW           24    __DATA_FLASH_init.bss  anon$$obj.o


    Execution Region __ddsc_DATA_FLASH_START (Exec base: 0x08000000, Load base: 0x08000000, Size: 0x00000000, Max: 0x00000000, ABSOLUTE)

    Exec Addr    Load Addr    Size         Type   Attr      Idx    E Section Name        Object

    0x08000000        -       0x00000000   Zero   RW           25    __ddsc_DATA_FLASH_START.bss  anon$$obj.o


    Execution Region .data_flash.startof (Exec base: 0x08000000, Load base: 0x08000000, Size: 0x00000000, Max: 0x00000000, ABSOLUTE)

    Exec Addr    Load Addr    Size         Type   Attr      Idx    E Section Name        Object

    0x08000000        -       0x00000000   Zero   RW           26    .data_flash.startof.bss  anon$$obj.o


    Execution Region __ram_from_ospi0_cs1_jump (Exec base: 0x20000000, Load base: 0x08000000, Size: 0x00000000, Max: 0x00000000, ABSOLUTE)

    Exec Addr    Load Addr    Size         Type   Attr      Idx    E Section Name        Object

    0x20000000        -       0x00000000   Zero   RW           28    __ram_from_ospi0_cs1_jump.bss  anon$$obj.o


    Execution Region __ram_from_data_flash (Exec base: 0x20000000, Load base: 0x08000000, Size: 0x00000000, Max: 0xffffffff, ABSOLUTE)

    **** No section assigned to this execution region ****


    Execution Region __ospi0_cs0_from_ospi0_cs1_jump (Exec base: 0x68000000, Load base: 0x08000000, Size: 0x00000000, Max: 0x00000000, ABSOLUTE)

    Exec Addr    Load Addr    Size         Type   Attr      Idx    E Section Name        Object

    0x68000000        -       0x00000000   Zero   RW           27    __ospi0_cs0_from_ospi0_cs1_jump.bss  anon$$obj.o


    Execution Region __ospi0_cs0_from_data_flash (Exec base: 0x68000000, Load base: 0x08000000, Size: 0x00000000, Max: 0xffffffff, ABSOLUTE)

    **** No section assigned to this execution region ****



  Load Region LOAD_REGION_DATA_FLASH_JUMP (Base: 0x08000000, Size: 0x00000000, Max: 0xffffffff, ABSOLUTE)

    Execution Region __data_flash_readonly (Exec base: 0x08000000, Load base: 0x08000000, Size: 0x00000000, Max: 0xffffffff, ABSOLUTE, FIXED)

    **** No section assigned to this execution region ****


    Execution Region __data_flash_noinit (Exec base: 0x08000000, Load base: 0x08000000, Size: 0x00000000, Max: 0xffffffff, ABSOLUTE, UNINIT, FIXED)

    **** No section assigned to this execution region ****


    Execution Region __ddsc_DATA_FLASH_END (Exec base: 0x08000000, Load base: 0x08000000, Size: 0x00000000, Max: 0x00000000, ABSOLUTE)

    Exec Addr    Load Addr    Size         Type   Attr      Idx    E Section Name        Object

    0x08000000        -       0x00000000   Zero   RW           29    __ddsc_DATA_FLASH_END.bss  anon$$obj.o


    Execution Region .data_flash.endof (Exec base: 0x08000000, Load base: 0x08000000, Size: 0x00000000, Max: 0x00000000, ABSOLUTE)

    Exec Addr    Load Addr    Size         Type   Attr      Idx    E Section Name        Object

    0x08000000        -       0x00000000   Zero   RW           30    .data_flash.endof.bss  anon$$obj.o


    Execution Region __DATA_FLASH_end (Exec base: 0x08000000, Load base: 0x08000000, Size: 0x00000000, Max: 0x00000000, ABSOLUTE)

    Exec Addr    Load Addr    Size         Type   Attr      Idx    E Section Name        Object

    0x08000000        -       0x00000000   Zero   RW           31    __DATA_FLASH_end.bss  anon$$obj.o



  Load Region LOAD_REGION_FLASH (Base: 0x00000000, Size: 0x000000a0, Max: 0x00100000, ABSOLUTE)

    Execution Region __FLASH_start (Exec base: 0x00000000, Load base: 0x00000000, Size: 0x00000000, Max: 0x00000000, ABSOLUTE)

    Exec Addr    Load Addr    Size         Type   Attr      Idx    E Section Name        Object

    0x00000000        -       0x00000000   Zero   RW           32    __FLASH_start.bss   anon$$obj.o


    Execution Region __FLASH_init (Exec base: 0x00000000, Load base: 0x00000000, Size: 0x00000000, Max: 0x00000000, ABSOLUTE)

    Exec Addr    Load Addr    Size         Type   Attr      Idx    E Section Name        Object

    0x00000000        -       0x00000000   Zero   RW           33    __FLASH_init.bss    anon$$obj.o


    Execution Region __ddsc_FLASH_START (Exec base: 0x00000000, Load base: 0x00000000, Size: 0x00000000, Max: 0x00000000, ABSOLUTE)

    Exec Addr    Load Addr    Size         Type   Attr      Idx    E Section Name        Object

    0x00000000        -       0x00000000   Zero   RW           34    __ddsc_FLASH_START.bss  anon$$obj.o


    Execution Region .flash.startof (Exec base: 0x00000000, Load base: 0x00000000, Size: 0x00000000, Max: 0x00000000, ABSOLUTE)

    Exec Addr    Load Addr    Size         Type   Attr      Idx    E Section Name        Object

    0x00000000        -       0x00000000   Zero   RW           35    .flash.startof.bss  anon$$obj.o


    Execution Region _VECTORS (Exec base: 0x00000000, Load base: 0x00000000, Size: 0x00000000, Max: 0x00000000, ABSOLUTE)

    Exec Addr    Load Addr    Size         Type   Attr      Idx    E Section Name        Object

    0x00000000        -       0x00000000   Zero   RW           36    _VECTORS.bss        anon$$obj.o


    Execution Region __flash_vectors (Exec base: 0x00000000, Load base: 0x00000000, Size: 0x00000084, Max: 0xffffffff, ABSOLUTE, FIXED)

    Exec Addr    Load Addr    Size         Type   Attr      Idx    E Section Name        Object

    0x00000000   0x00000000   0x00000040   Data   RO          249    .fixed_vectors      startup.o
    0x00000040   0x00000040   0x00000044   Data   RO          641    .application_vectors  vector_data.o


    Execution Region __flash_noinit (Exec base: 0x00000084, Load base: 0x00000084, Size: 0x00000000, Max: 0xffffffff, ABSOLUTE, UNINIT, FIXED)

    **** No section assigned to this execution region ****


    Execution Region __ram_from_data_flash_jump (Exec base: 0x20000000, Load base: 0x00000084, Size: 0x00000000, Max: 0x00000000, ABSOLUTE)

    Exec Addr    Load Addr    Size         Type   Attr      Idx    E Section Name        Object

    0x20000000        -       0x00000000   Zero   RW           42    __ram_from_data_flash_jump.bss  anon$$obj.o


    Execution Region __ram_from_flash (Exec base: 0x20000000, Load base: 0x00000084, Size: 0x0000001c, Max: 0xffffffff, ABSOLUTE)

    Exec Addr    Load Addr    Size         Type   Attr      Idx    E Section Name        Object

    0x20000000   0x00000084   0x00000004   Data   RW          931    .data               mc_w.l(stdout.o)
    0x20000004   0x00000088   0x00000004   Data   RW          614    .data.g_uart2_baud_setting  hal_data.o
    0x20000008   0x0000008c   0x00000004   Data   RW          609    .data.g_uart3_baud_setting  hal_data.o
    0x2000000c   0x00000090   0x00000004   Data   RW          604    .data.g_uart4_baud_setting  hal_data.o
    0x20000010   0x00000094   0x00000004   Data   RW          595    .data.g_uart5_baud_setting  hal_data.o
    0x20000014   0x00000098   0x00000006   Data   RW          216    .data.timedata      uart.o


    Execution Region __ram_noinit_nocache (Exec base: 0x20000020, Load base: 0x000000a0, Size: 0x00000000, Max: 0xffffffff, ABSOLUTE, UNINIT)

    **** No section assigned to this execution region ****


    Execution Region __ram_zero_nocache (Exec base: 0x20000020, Load base: 0x000000a0, Size: 0x00000000, Max: 0xffffffff, ABSOLUTE)

    **** No section assigned to this execution region ****


    Execution Region __ram_zero_nocache_pad (Exec base: 0x20000020, Load base: 0x000000a0, Size: 0x00000000, Max: 0x00000000, ABSOLUTE)

    Exec Addr    Load Addr    Size         Type   Attr      Idx    E Section Name        Object

    0x20000020        -       0x00000000   Zero   RW           43    __ram_zero_nocache_pad.bss  anon$$obj.o


    Execution Region __ram_noinit (Exec base: 0x20000020, Load base: 0x000000a0, Size: 0x00000000, Max: 0xffffffff, ABSOLUTE, UNINIT)

    **** No section assigned to this execution region ****


    Execution Region ARM_LIB_STACK (Exec base: 0x20000020, Load base: 0x000000a0, Size: 0x00000000, Max: 0x00000000, ABSOLUTE, UNINIT)

    Exec Addr    Load Addr    Size         Type   Attr      Idx    E Section Name        Object

    0x20000020        -       0x00000000   Zero   RW           44    ARM_LIB_STACK.bss   anon$$obj.o


    Execution Region ARM_LIB_HEAP (Exec base: 0x20000020, Load base: 0x000000a0, Size: 0x00001000, Max: 0xffffffff, ABSOLUTE, UNINIT)

    Exec Addr    Load Addr    Size         Type   Attr      Idx    E Section Name        Object

    0x20000020        -       0x00001000   Zero   RW          250    .bss.g_heap         startup.o


    Execution Region __post_heap (Exec base: 0x20001020, Load base: 0x000000a0, Size: 0x0000041c, Max: 0xffffffff, ABSOLUTE, UNINIT)

    Exec Addr    Load Addr    Size         Type   Attr      Idx    E Section Name        Object

    0x20001020        -       0x00000400   Zero   RW          248    .bss.g_main_stack   startup.o
    0x20001420        -       0x0000001c   Zero   RW          295    .bss.ram_noinit     bsp_clocks.o


    Execution Region __ram_zero (Exec base: 0x2000143c, Load base: 0x000000a0, Size: 0x00000408, Max: 0xffffffff, ABSOLUTE)

    Exec Addr    Load Addr    Size         Type   Attr      Idx    E Section Name        Object

    0x2000143c        -       0x000000ff   Zero   RW          203    .bss.RData2         uart.o
    0x2000153b        -       0x000000ff   Zero   RW          205    .bss.RData4         uart.o
    0x2000163a        -       0x00000001   Zero   RW          204    .bss.RData_Tap2     uart.o
    0x2000163b        -       0x00000001   Zero   RW          206    .bss.RData_Tap4     uart.o
    0x2000163c        -       0x00000004   Zero   RW          264    .bss.SystemCoreClock  system.o
    0x20001640        -       0x00000009   Zero   RW          158    .bss.TData          hal_entry.o
    0x20001649   0x000000a0   0x00000003   PAD
    0x2000164c        -       0x00000004   Zero   RW          214    .bss.cond           uart.o
    0x20001650        -       0x00000020   Zero   RW          155    .bss.dataid         hal_entry.o
    0x20001670        -       0x00000004   Zero   RW          151    .bss.dataid_int     hal_entry.o
    0x20001674        -       0x00000004   Zero   RW          156    .bss.datavalue      hal_entry.o
    0x20001678        -       0x00000004   Zero   RW          153    .bss.dataversion    hal_entry.o
    0x2000167c        -       0x00000004   Zero   RW          210    .bss.dht11          uart.o
    0x20001680        -       0x00000040   Zero   RW          337    .bss.g_bsp_group_irq_sources  bsp_group_irq.o
    0x200016c0        -       0x00000008   Zero   RW          585    .bss.g_ioport_ctrl  common_data.o
    0x200016c8        -       0x0000000a   Zero   RW          371    .bss.g_protect_counters  bsp_register_protection.o
    0x200016d2   0x000000a0   0x00000002   PAD
    0x200016d4        -       0x00000004   Zero   RW          347    .bss.g_protect_pfswe_counter  bsp_io.o
    0x200016d8        -       0x00000020   Zero   RW          602    .bss.g_timer0_ctrl  hal_data.o
    0x200016f8        -       0x00000030   Zero   RW          617    .bss.g_uart2_ctrl   hal_data.o
    0x20001728        -       0x00000030   Zero   RW          612    .bss.g_uart3_ctrl   hal_data.o
    0x20001758        -       0x00000030   Zero   RW          607    .bss.g_uart4_ctrl   hal_data.o
    0x20001788        -       0x00000030   Zero   RW          598    .bss.g_uart5_ctrl   hal_data.o
    0x200017b8        -       0x00000044   Zero   RW          357    .bss.gp_renesas_isr_context  bsp_irq.o
    0x200017fc        -       0x00000004   Zero   RW          235    .bss.gpt_flag       gpt.o
    0x20001800        -       0x00000004   Zero   RW          211    .bss.humi           uart.o
    0x20001804        -       0x00000004   Zero   RW          207    .bss.imu_x          uart.o
    0x20001808        -       0x00000004   Zero   RW          208    .bss.imu_y          uart.o
    0x2000180c        -       0x00000004   Zero   RW          209    .bss.imu_z          uart.o
    0x20001810        -       0x00000004   Zero   RW          213    .bss.ph             uart.o
    0x20001814        -       0x00000020   Zero   RW          157    .bss.strdatavalue   hal_entry.o
    0x20001834        -       0x00000004   Zero   RW          212    .bss.temp           uart.o
    0x20001838        -       0x00000004   Zero   RW          215    .bss.turb           uart.o
    0x2000183c        -       0x00000001   Zero   RW          199    .bss.uart2_flag     uart.o
    0x2000183d        -       0x00000001   Zero   RW          218    .bss.uart2_send_complete_flag  uart.o
    0x2000183e        -       0x00000001   Zero   RW          219    .bss.uart3_send_complete_flag  uart.o
    0x2000183f        -       0x00000001   Zero   RW          201    .bss.uart4_flag     uart.o
    0x20001840        -       0x00000001   Zero   RW          220    .bss.uart4_send_complete_flag  uart.o
    0x20001841        -       0x00000001   Zero   RW          202    .bss.uart5_flag     uart.o
    0x20001842        -       0x00000001   Zero   RW          221    .bss.uart5_send_complete_flag  uart.o


    Execution Region __ram_thread_stack (Exec base: 0x20001848, Load base: 0x000000a0, Size: 0x00000000, Max: 0xffffffff, ABSOLUTE, UNINIT)

    **** No section assigned to this execution region ****


    Execution Region __ddsc_RAM_END (Exec base: 0x20001c00, Load base: 0x000000a0, Size: 0x00000000, Max: 0x00000000, ABSOLUTE)

    Exec Addr    Load Addr    Size         Type   Attr      Idx    E Section Name        Object

    0x20001c00        -       0x00000000   Zero   RW           45    __ddsc_RAM_END.bss  anon$$obj.o


    Execution Region .ram.endof (Exec base: 0x20001c00, Load base: 0x000000a0, Size: 0x00000000, Max: 0x00000000, ABSOLUTE)

    Exec Addr    Load Addr    Size         Type   Attr      Idx    E Section Name        Object

    0x20001c00        -       0x00000000   Zero   RW           46    .ram.endof.bss      anon$$obj.o


    Execution Region __ddsc_RAM_NSC (Exec base: 0x20001c00, Load base: 0x000000a0, Size: 0x00000000, Max: 0x00000000, ABSOLUTE)

    Exec Addr    Load Addr    Size         Type   Attr      Idx    E Section Name        Object

    0x20001c00        -       0x00000000   Zero   RW           47    __ddsc_RAM_NSC.bss  anon$$obj.o


    Execution Region .ram.flat_nsc (Exec base: 0x20001c00, Load base: 0x000000a0, Size: 0x00000000, Max: 0x00000000, ABSOLUTE)

    Exec Addr    Load Addr    Size         Type   Attr      Idx    E Section Name        Object

    0x20001c00        -       0x00000000   Zero   RW           48    .ram.flat_nsc.bss   anon$$obj.o


    Execution Region __RAM_end (Exec base: 0x20001c00, Load base: 0x000000a0, Size: 0x00000000, Max: 0x00000000, ABSOLUTE)

    Exec Addr    Load Addr    Size         Type   Attr      Idx    E Section Name        Object

    0x20001c00        -       0x00000000   Zero   RW           49    __RAM_end.bss       anon$$obj.o


    Execution Region __ospi0_cs0_from_data_flash_jump (Exec base: 0x68000000, Load base: 0x00000084, Size: 0x00000000, Max: 0x00000000, ABSOLUTE)

    Exec Addr    Load Addr    Size         Type   Attr      Idx    E Section Name        Object

    0x68000000        -       0x00000000   Zero   RW           37    __ospi0_cs0_from_data_flash_jump.bss  anon$$obj.o


    Execution Region __ospi0_cs0_from_flash (Exec base: 0x68000000, Load base: 0x00000084, Size: 0x00000000, Max: 0xffffffff, ABSOLUTE)

    **** No section assigned to this execution region ****


    Execution Region __ospi0_cs0_noinit_nocache (Exec base: 0x68000000, Load base: 0x00000084, Size: 0x00000000, Max: 0xffffffff, ABSOLUTE, UNINIT)

    **** No section assigned to this execution region ****


    Execution Region __ospi0_cs0_zero_nocache (Exec base: 0x68000000, Load base: 0x00000084, Size: 0x00000000, Max: 0xffffffff, ABSOLUTE)

    **** No section assigned to this execution region ****


    Execution Region __ospi0_cs0_zero_nocache_pad (Exec base: 0x68000000, Load base: 0x00000084, Size: 0x00000000, Max: 0x00000000, ABSOLUTE)

    Exec Addr    Load Addr    Size         Type   Attr      Idx    E Section Name        Object

    0x68000000        -       0x00000000   Zero   RW           38    __ospi0_cs0_zero_nocache_pad.bss  anon$$obj.o


    Execution Region __ospi0_cs0_noinit (Exec base: 0x68000000, Load base: 0x00000084, Size: 0x00000000, Max: 0xffffffff, ABSOLUTE, UNINIT)

    **** No section assigned to this execution region ****


    Execution Region __ospi0_cs0_zero (Exec base: 0x68000000, Load base: 0x00000084, Size: 0x00000000, Max: 0xffffffff, ABSOLUTE)

    **** No section assigned to this execution region ****


    Execution Region __ddsc_OSPI0_CS0_END (Exec base: 0x68000000, Load base: 0x00000084, Size: 0x00000000, Max: 0x00000000, ABSOLUTE)

    Exec Addr    Load Addr    Size         Type   Attr      Idx    E Section Name        Object

    0x68000000        -       0x00000000   Zero   RW           39    __ddsc_OSPI0_CS0_END.bss  anon$$obj.o


    Execution Region .ospi0_cs0.endof (Exec base: 0x68000000, Load base: 0x00000084, Size: 0x00000000, Max: 0x00000000, ABSOLUTE)

    Exec Addr    Load Addr    Size         Type   Attr      Idx    E Section Name        Object

    0x68000000        -       0x00000000   Zero   RW           40    .ospi0_cs0.endof.bss  anon$$obj.o


    Execution Region __OSPI0_CS0_end (Exec base: 0x68000000, Load base: 0x00000084, Size: 0x00000000, Max: 0x00000000, ABSOLUTE)

    Exec Addr    Load Addr    Size         Type   Attr      Idx    E Section Name        Object

    0x68000000        -       0x00000000   Zero   RW           41    __OSPI0_CS0_end.bss  anon$$obj.o



  Load Region LOAD_REGION_FLASH_JUMP (Base: 0x000000a0, Size: 0x00003784, Max: 0xffffffff, ABSOLUTE)

    Execution Region __flash_readonly (Exec base: 0x000000a0, Load base: 0x000000a0, Size: 0x00003784, Max: 0xffffffff, ABSOLUTE, FIXED)

    Exec Addr    Load Addr    Size         Type   Attr      Idx    E Section Name        Object

    0x000000a0   0x000000a0   0x00000024   Code   RO          651    .text               mc_w.l(memcpya.o)
    0x000000c4   0x000000c4   0x00000024   Code   RO          653    .text               mc_w.l(memseta.o)
    0x000000e8   0x000000e8   0x00000038   Code   RO          918    .text               mc_w.l(__0sscanf.o)
    0x00000120   0x00000120   0x0000014c   Code   RO          920    .text               mc_w.l(_scanf_int.o)
    0x0000026c   0x0000026c   0x000000e0   Code   RO          922    .text               mc_w.l(_scanf_str.o)
    0x0000034c   0x0000034c   0x00000360   Code   RO          924    .text               mc_w.l(scanf_fp.o)
    0x000006ac   0x000006ac   0x00000026   Code   RO          929    .text               mf_w.l(f2d.o)
    0x000006d2   0x000006d2   0x0000002c   Code   RO          941    .text               mc_w.l(uidiv.o)
    0x000006fe   0x000006fe   0x00000062   Code   RO          943    .text               mc_w.l(uldiv.o)
    0x00000760   0x00000760   0x0000001c   Code   RO          945    .text               mc_w.l(_chval.o)
    0x0000077c   0x0000077c   0x00000028   Code   RO          947    .text               mc_w.l(scanf_char.o)
    0x000007a4   0x000007a4   0x00000040   Code   RO          949    .text               mc_w.l(_sgetc.o)
    0x000007e4   0x000007e4   0x00000000   Code   RO          951    .text               mc_w.l(iusefp.o)
    0x000007e4   0x000007e4   0x0000014e   Code   RO          952    .text               mf_w.l(dadd.o)
    0x00000932   0x00000932   0x000000e4   Code   RO          954    .text               mf_w.l(dmul.o)
    0x00000a16   0x00000a16   0x000000de   Code   RO          956    .text               mf_w.l(ddiv.o)
    0x00000af4   0x00000af4   0x00000018   Code   RO          958    .text               mf_w.l(dfltul.o)
    0x00000b0c   0x00000b0c   0x00000030   Code   RO          960    .text               mf_w.l(dfixul.o)
    0x00000b3c   0x00000b3c   0x00000030   Code   RO          962    .text               mf_w.l(cdrcmple.o)
    0x00000b6c   0x00000b6c   0x00000038   Code   RO          964    .text               mf_w.l(d2f.o)
    0x00000ba4   0x00000ba4   0x0000001e   Code   RO          966    .text               mc_w.l(llshl.o)
    0x00000bc2   0x00000bc2   0x00000020   Code   RO          968    .text               mc_w.l(llushr.o)
    0x00000be2   0x00000be2   0x00000024   Code   RO          970    .text               mc_w.l(llsshr.o)
    0x00000c06   0x00000c06   0x0000000a   Code   RO          972    .text               mc_w.l(isspace_c.o)
    0x00000c10   0x00000c10   0x0000032c   Code   RO          974    .text               mc_w.l(_scanf.o)
    0x00000f3c   0x00000f3c   0x0000006e   Code   RO          976    .text               mf_w.l(fepilogue.o)
    0x00000faa   0x00000faa   0x000000ba   Code   RO          978    .text               mf_w.l(depilogue.o)
    0x00001064   0x00001064   0x00000028   Code   RO          980    .text               mc_w.l(ctype_c.o)
    0x0000108c   0x0000108c   0x00000004   Code   RO          246    .text.Default_Handler  startup.o
    0x00001090   0x00001090   0x00000044   Code   RO          335    .text.NMI_Handler   bsp_group_irq.o
    0x000010d4   0x000010d4   0x0000007a   Code   RO          293    .text.R_BSP_Init_RTC  bsp_clocks.o
    0x0000114e   0x0000114e   0x0000004e   Code   RO          369    .text.R_BSP_RegisterProtectDisable  bsp_register_protection.o
    0x0000119c   0x0000119c   0x00000052   Code   RO          367    .text.R_BSP_RegisterProtectEnable  bsp_register_protection.o
    0x000011ee   0x000011ee   0x00000084   Code   RO          321    .text.R_BSP_SoftwareDelay  bsp_delay.o
    0x00001272   0x00001272   0x00000002   Code   RO          287    .text.R_BSP_SubClockStabilizeWaitAfterReset  bsp_clocks.o
    0x00001274   0x00001274   0x0000001a   Code   RO          166    .text.R_BSP_WarmStart  hal_warmstart.o
    0x0000128e   0x0000128e   0x00000002   PAD
    0x00001290   0x00001290   0x0000034a   Code   RO          436    .text.R_GPT_Open    r_gpt.o
    0x000015da   0x000015da   0x0000000a   Code   RO          438    .text.R_GPT_Start   r_gpt.o
    0x000015e4   0x000015e4   0x00000016   Code   RO          499    .text.R_IOPORT_Open  r_ioport.o
    0x000015fa   0x000015fa   0x0000033c   Code   RO          538    .text.R_SCI_UART_Open  r_sci_uart.o
    0x00001936   0x00001936   0x0000004c   Code   RO          542    .text.R_SCI_UART_Write  r_sci_uart.o
    0x00001982   0x00001982   0x00000002   PAD
    0x00001984   0x00001984   0x0000000a   Code   RO          244  * .text.Reset_Handler  startup.o
    0x0000198e   0x0000198e   0x0000002c   Code   RO          277    .text.SystemCoreClockUpdate  bsp_clocks.o
    0x000019ba   0x000019ba   0x00000002   PAD
    0x000019bc   0x000019bc   0x000000a2   Code   RO          258    .text.SystemInit    system.o
    0x00001a5e   0x00001a5e   0x00000002   PAD
    0x00001a60   0x00001a60   0x0000005a   Code   RO          262    .text.SystemRuntimeInit  system.o
    0x00001aba   0x00001aba   0x00000030   Code   RO          175    .text.UART2_Init    uart.o
    0x00001aea   0x00001aea   0x00000030   Code   RO          177    .text.UART3_Init    uart.o
    0x00001b1a   0x00001b1a   0x00000030   Code   RO          179    .text.UART4_Init    uart.o
    0x00001b4a   0x00001b4a   0x00000030   Code   RO          181    .text.UART5_Init    uart.o
    0x00001b7a   0x00001b7a   0x00000002   PAD
    0x00001b7c   0x00001b7c   0x00000006   Code   RO          308    .text.__aeabi_assert  bsp_common.o
    0x00001b82   0x00001b82   0x00000002   PAD
    0x00001b84   0x00001b84   0x0000013c   Code   RO          283    .text.bsp_clock_init  bsp_clocks.o
    0x00001cc0   0x00001cc0   0x00000002   Code   RO          304    .text.bsp_init_internal  bsp_common.o
    0x00001cc2   0x00001cc2   0x00000002   PAD
    0x00001cc4   0x00001cc4   0x0000008a   Code   RO          354    .text.bsp_irq_cfg   bsp_irq.o
    0x00001d4e   0x00001d4e   0x00000008   Code   RO          323    .text.bsp_prv_software_delay_loop  bsp_delay.o
    0x00001d56   0x00001d56   0x00000002   PAD
    0x00001d58   0x00001d58   0x000000d8   Code   RO          527    .text.bsp_vbatt_init  r_ioport.o
    0x00001e30   0x00001e30   0x00000030   Code   RO          191    .text.fputc         uart.o
    0x00001e60   0x00001e60   0x0000000e   Code   RO          233    .text.gpt0_callback  gpt.o
    0x00001e6e   0x00001e6e   0x00000022   Code   RO          231    .text.gpt0_init     gpt.o
    0x00001e90   0x00001e90   0x000001be   Code   RO          474    .text.gpt_counter_overflow_isr  r_gpt.o
    0x0000204e   0x0000204e   0x00000002   PAD
    0x00002050   0x00002050   0x000004f0   Code   RO          149    .text.hal_entry     hal_entry.o
    0x00002540   0x00002540   0x0000000a   Code   RO          625    .text.main          main.o
    0x0000254a   0x0000254a   0x00000002   PAD
    0x0000254c   0x0000254c   0x00000024   Code   RO          197    .text.printf_float  uart.o
    0x00002570   0x00002570   0x00000010   Code   RO          195    .text.printf_number  uart.o
    0x00002580   0x00002580   0x00000018   Code   RO          193    .text.printf_string  uart.o
    0x00002598   0x00002598   0x000000c0   Code   RO          525    .text.r_ioport_pins_config  r_ioport.o
    0x00002658   0x00002658   0x00000040   Code   RO          564    .text.r_sci_uart_call_callback  r_sci_uart.o
    0x00002698   0x00002698   0x0000006a   Code   RO          570    .text.sci_uart_eri_isr  r_sci_uart.o
    0x00002702   0x00002702   0x00000088   Code   RO          566    .text.sci_uart_rxi_isr  r_sci_uart.o
    0x0000278a   0x0000278a   0x0000004a   Code   RO          568    .text.sci_uart_tei_isr  r_sci_uart.o
    0x000027d4   0x000027d4   0x00000088   Code   RO          562    .text.sci_uart_txi_isr  r_sci_uart.o
    0x0000285c   0x0000285c   0x00000064   Code   RO          183    .text.uart2_callback  uart.o
    0x000028c0   0x000028c0   0x00000016   Code   RO          185    .text.uart3_callback  uart.o
    0x000028d6   0x000028d6   0x0000005e   Code   RO          187    .text.uart4_callback  uart.o
    0x00002934   0x00002934   0x0000002a   Code   RO          189    .text.uart5_callback  uart.o
    0x0000295e   0x0000295e   0x00000002   PAD
    0x00002960   0x00002960   0x00000020   Code   RO          890    i.__0printf         mc_w.l(printfa.o)
    0x00002980   0x00002980   0x00000028   Code   RO          892    i.__0sprintf        mc_w.l(printfa.o)
    0x000029a8   0x000029a8   0x00000184   Code   RO          897    i._fp_digits        mc_w.l(printfa.o)
    0x00002b2c   0x00002b2c   0x0000000e   Code   RO          927    i._is_digit         mc_w.l(scanf_fp.o)
    0x00002b3a   0x00002b3a   0x00000002   PAD
    0x00002b3c   0x00002b3c   0x000006dc   Code   RO          898    i._printf_core      mc_w.l(printfa.o)
    0x00003218   0x00003218   0x00000024   Code   RO          899    i._printf_post_padding  mc_w.l(printfa.o)
    0x0000323c   0x0000323c   0x0000002e   Code   RO          900    i._printf_pre_padding  mc_w.l(printfa.o)
    0x0000326a   0x0000326a   0x0000000a   Code   RO          902    i._sputc            mc_w.l(printfa.o)
    0x00003274   0x00003274   0x00000040   Data   RO          981    .constdata          mc_w.l(ctype_c.o)
    0x000032b4   0x000032b4   0x00000080   Data   RO          428    .rodata.copy_list   bsp_linker.o
    0x00003334   0x00003334   0x0000000c   Data   RO          635    .rodata.g_bsp_pin_cfg  pin_data.o
    0x00003340   0x00003340   0x00000050   Data   RO          634    .rodata.g_bsp_pin_cfg_data  pin_data.o
    0x00003390   0x00003390   0x00000018   Data   RO          430    .rodata.g_init_info  bsp_linker.o
    0x000033a8   0x000033a8   0x00000044   Data   RO          642    .rodata.g_interrupt_event_link_select  vector_data.o
    0x000033ec   0x000033ec   0x0000000a   Data   RO          372    .rodata.g_prcr_masks  bsp_register_protection.o
    0x000033f6   0x000033f6   0x00000002   PAD
    0x000033f8   0x000033f8   0x00000024   Data   RO          601    .rodata.g_timer0_cfg  hal_data.o
    0x0000341c   0x0000341c   0x00000080   Data   RO          600    .rodata.g_timer0_extend  hal_data.o
    0x0000349c   0x0000349c   0x00000044   Data   RO          616    .rodata.g_uart2_cfg  hal_data.o
    0x000034e0   0x000034e0   0x0000002c   Data   RO          615    .rodata.g_uart2_cfg_extend  hal_data.o
    0x0000350c   0x0000350c   0x00000044   Data   RO          611    .rodata.g_uart3_cfg  hal_data.o
    0x00003550   0x00003550   0x0000002c   Data   RO          610    .rodata.g_uart3_cfg_extend  hal_data.o
    0x0000357c   0x0000357c   0x00000044   Data   RO          606    .rodata.g_uart4_cfg  hal_data.o
    0x000035c0   0x000035c0   0x0000002c   Data   RO          605    .rodata.g_uart4_cfg_extend  hal_data.o
    0x000035ec   0x000035ec   0x00000044   Data   RO          597    .rodata.g_uart5_cfg  hal_data.o
    0x00003630   0x00003630   0x0000002c   Data   RO          596    .rodata.g_uart5_cfg_extend  hal_data.o
    0x0000365c   0x0000365c   0x00000004   Data   RO          394    .rodata.gp_ddsc_DATA_FLASH_END  bsp_linker.o
    0x00003660   0x00003660   0x00000004   Data   RO          393    .rodata.gp_ddsc_DATA_FLASH_START  bsp_linker.o
    0x00003664   0x00003664   0x00000004   Data   RO          396    .rodata.gp_ddsc_FLASH_END  bsp_linker.o
    0x00003668   0x00003668   0x00000004   Data   RO          397    .rodata.gp_ddsc_FLASH_NSC  bsp_linker.o
    0x0000366c   0x0000366c   0x00000004   Data   RO          395    .rodata.gp_ddsc_FLASH_START  bsp_linker.o
    0x00003670   0x00003670   0x00000004   Data   RO          408    .rodata.gp_ddsc_OPTION_SETTING_BANKSEL_END  bsp_linker.o
    0x00003674   0x00003674   0x00000004   Data   RO          416    .rodata.gp_ddsc_OPTION_SETTING_BANKSEL_SEC_END  bsp_linker.o
    0x00003678   0x00003678   0x00000004   Data   RO          415    .rodata.gp_ddsc_OPTION_SETTING_BANKSEL_SEC_START  bsp_linker.o
    0x0000367c   0x0000367c   0x00000004   Data   RO          424    .rodata.gp_ddsc_OPTION_SETTING_BANKSEL_SEL_END  bsp_linker.o
    0x00003680   0x00003680   0x00000004   Data   RO          423    .rodata.gp_ddsc_OPTION_SETTING_BANKSEL_SEL_START  bsp_linker.o
    0x00003684   0x00003684   0x00000004   Data   RO          407    .rodata.gp_ddsc_OPTION_SETTING_BANKSEL_START  bsp_linker.o
    0x00003688   0x00003688   0x00000004   Data   RO          410    .rodata.gp_ddsc_OPTION_SETTING_BPS_END  bsp_linker.o
    0x0000368c   0x0000368c   0x00000004   Data   RO          418    .rodata.gp_ddsc_OPTION_SETTING_BPS_SEC_END  bsp_linker.o
    0x00003690   0x00003690   0x00000004   Data   RO          417    .rodata.gp_ddsc_OPTION_SETTING_BPS_SEC_START  bsp_linker.o
    0x00003694   0x00003694   0x00000004   Data   RO          426    .rodata.gp_ddsc_OPTION_SETTING_BPS_SEL_END  bsp_linker.o
    0x00003698   0x00003698   0x00000004   Data   RO          425    .rodata.gp_ddsc_OPTION_SETTING_BPS_SEL_START  bsp_linker.o
    0x0000369c   0x0000369c   0x00000004   Data   RO          409    .rodata.gp_ddsc_OPTION_SETTING_BPS_START  bsp_linker.o
    0x000036a0   0x000036a0   0x00000004   Data   RO          404    .rodata.gp_ddsc_OPTION_SETTING_DUALSEL_END  bsp_linker.o
    0x000036a4   0x000036a4   0x00000004   Data   RO          403    .rodata.gp_ddsc_OPTION_SETTING_DUALSEL_START  bsp_linker.o
    0x000036a8   0x000036a8   0x00000004   Data   RO          402    .rodata.gp_ddsc_OPTION_SETTING_OFS0_END  bsp_linker.o
    0x000036ac   0x000036ac   0x00000004   Data   RO          401    .rodata.gp_ddsc_OPTION_SETTING_OFS0_START  bsp_linker.o
    0x000036b0   0x000036b0   0x00000004   Data   RO          406    .rodata.gp_ddsc_OPTION_SETTING_OFS1_END  bsp_linker.o
    0x000036b4   0x000036b4   0x00000004   Data   RO          414    .rodata.gp_ddsc_OPTION_SETTING_OFS1_SEC_END  bsp_linker.o
    0x000036b8   0x000036b8   0x00000004   Data   RO          413    .rodata.gp_ddsc_OPTION_SETTING_OFS1_SEC_START  bsp_linker.o
    0x000036bc   0x000036bc   0x00000004   Data   RO          422    .rodata.gp_ddsc_OPTION_SETTING_OFS1_SEL_END  bsp_linker.o
    0x000036c0   0x000036c0   0x00000004   Data   RO          421    .rodata.gp_ddsc_OPTION_SETTING_OFS1_SEL_START  bsp_linker.o
    0x000036c4   0x000036c4   0x00000004   Data   RO          405    .rodata.gp_ddsc_OPTION_SETTING_OFS1_START  bsp_linker.o
    0x000036c8   0x000036c8   0x00000004   Data   RO          412    .rodata.gp_ddsc_OPTION_SETTING_PBPS_END  bsp_linker.o
    0x000036cc   0x000036cc   0x00000004   Data   RO          420    .rodata.gp_ddsc_OPTION_SETTING_PBPS_SEC_END  bsp_linker.o
    0x000036d0   0x000036d0   0x00000004   Data   RO          419    .rodata.gp_ddsc_OPTION_SETTING_PBPS_SEC_START  bsp_linker.o
    0x000036d4   0x000036d4   0x00000004   Data   RO          411    .rodata.gp_ddsc_OPTION_SETTING_PBPS_START  bsp_linker.o
    0x000036d8   0x000036d8   0x00000004   Data   RO          392    .rodata.gp_ddsc_OSPI0_CS0_END  bsp_linker.o
    0x000036dc   0x000036dc   0x00000004   Data   RO          391    .rodata.gp_ddsc_OSPI0_CS0_START  bsp_linker.o
    0x000036e0   0x000036e0   0x00000004   Data   RO          390    .rodata.gp_ddsc_OSPI0_CS1_END  bsp_linker.o
    0x000036e4   0x000036e4   0x00000004   Data   RO          389    .rodata.gp_ddsc_OSPI0_CS1_START  bsp_linker.o
    0x000036e8   0x000036e8   0x00000004   Data   RO          388    .rodata.gp_ddsc_QSPI_FLASH_END  bsp_linker.o
    0x000036ec   0x000036ec   0x00000004   Data   RO          387    .rodata.gp_ddsc_QSPI_FLASH_START  bsp_linker.o
    0x000036f0   0x000036f0   0x00000004   Data   RO          399    .rodata.gp_ddsc_RAM_END  bsp_linker.o
    0x000036f4   0x000036f4   0x00000004   Data   RO          400    .rodata.gp_ddsc_RAM_NSC  bsp_linker.o
    0x000036f8   0x000036f8   0x00000004   Data   RO          398    .rodata.gp_ddsc_RAM_START  bsp_linker.o
    0x000036fc   0x000036fc   0x00000010   Data   RO          429    .rodata.nocache_list  bsp_linker.o
    0x0000370c   0x0000370c   0x00000066   Data   RO          159    .rodata.str1.1      hal_entry.o
    0x00003772   0x00003772   0x00000030   Data   RO          222    .rodata.str1.1      uart.o
    0x000037a2   0x000037a2   0x00000002   PAD
    0x000037a4   0x000037a4   0x00000030   Data   RO          427    .rodata.zero_list   bsp_linker.o
    0x000037d4   0x000037d4   0x00000004   Data   RO          310    .version            bsp_common.o
    0x000037d8   0x000037d8   0x00000006   Data   RO          311    .version            bsp_common.o
    0x000037de   0x000037de   0x00000044   Data   RO          312    .version            bsp_common.o


    Execution Region __init_array_start (Exec base: 0x00003824, Load base: 0x00003824, Size: 0x00000000, Max: 0x00000000, ABSOLUTE)

    Exec Addr    Load Addr    Size         Type   Attr      Idx    E Section Name        Object

    0x00003824        -       0x00000000   Zero   RW           50    __init_array_start.bss  anon$$obj.o


    Execution Region __flash_init_array (Exec base: 0x00003824, Load base: 0x00003824, Size: 0x00000000, Max: 0xffffffff, ABSOLUTE, FIXED)

    **** No section assigned to this execution region ****


    Execution Region __init_array_end (Exec base: 0x00003824, Load base: 0x00003824, Size: 0x00000000, Max: 0x00000000, ABSOLUTE)

    Exec Addr    Load Addr    Size         Type   Attr      Idx    E Section Name        Object

    0x00003824        -       0x00000000   Zero   RW           51    __init_array_end.bss  anon$$obj.o


    Execution Region __ddsc_FLASH_END (Exec base: 0x00003c00, Load base: 0x00003824, Size: 0x00000000, Max: 0x00000000, ABSOLUTE)

    Exec Addr    Load Addr    Size         Type   Attr      Idx    E Section Name        Object

    0x00003c00        -       0x00000000   Zero   RW           52    __ddsc_FLASH_END.bss  anon$$obj.o


    Execution Region .flash.endof (Exec base: 0x00003c00, Load base: 0x00003824, Size: 0x00000000, Max: 0x00000000, ABSOLUTE)

    Exec Addr    Load Addr    Size         Type   Attr      Idx    E Section Name        Object

    0x00003c00        -       0x00000000   Zero   RW           53    .flash.endof.bss    anon$$obj.o


    Execution Region __ddsc_FLASH_NSC (Exec base: 0x00003c00, Load base: 0x00003824, Size: 0x00000000, Max: 0x00000000, ABSOLUTE)

    Exec Addr    Load Addr    Size         Type   Attr      Idx    E Section Name        Object

    0x00003c00        -       0x00000000   Zero   RW           54    __ddsc_FLASH_NSC.bss  anon$$obj.o


    Execution Region .flash.flat_nsc (Exec base: 0x00003c00, Load base: 0x00003824, Size: 0x00000000, Max: 0x00000000, ABSOLUTE)

    Exec Addr    Load Addr    Size         Type   Attr      Idx    E Section Name        Object

    0x00003c00        -       0x00000000   Zero   RW           55    .flash.flat_nsc.bss  anon$$obj.o


    Execution Region __FLASH_end (Exec base: 0x00003c00, Load base: 0x00003824, Size: 0x00000000, Max: 0x00000000, ABSOLUTE)

    Exec Addr    Load Addr    Size         Type   Attr      Idx    E Section Name        Object

    0x00003c00        -       0x00000000   Zero   RW           56    __FLASH_end.bss     anon$$obj.o



  Load Region LOAD_REGION_OPTION_SETTING_OFS0 (Base: 0x0100a100, Size: 0x00000004, Max: 0x00000004, ABSOLUTE)

    Execution Region __OPTION_SETTING_OFS0_start (Exec base: 0x0100a100, Load base: 0x0100a100, Size: 0x00000000, Max: 0x00000000, ABSOLUTE)

    Exec Addr    Load Addr    Size         Type   Attr      Idx    E Section Name        Object

    0x0100a100        -       0x00000000   Zero   RW           57    __OPTION_SETTING_OFS0_start.bss  anon$$obj.o


    Execution Region __OPTION_SETTING_OFS0_init (Exec base: 0x0100a100, Load base: 0x0100a100, Size: 0x00000000, Max: 0x00000000, ABSOLUTE)

    Exec Addr    Load Addr    Size         Type   Attr      Idx    E Section Name        Object

    0x0100a100        -       0x00000000   Zero   RW           58    __OPTION_SETTING_OFS0_init.bss  anon$$obj.o


    Execution Region __ddsc_OPTION_SETTING_OFS0_START (Exec base: 0x0100a100, Load base: 0x0100a100, Size: 0x00000000, Max: 0x00000000, ABSOLUTE)

    Exec Addr    Load Addr    Size         Type   Attr      Idx    E Section Name        Object

    0x0100a100        -       0x00000000   Zero   RW           59    __ddsc_OPTION_SETTING_OFS0_START.bss  anon$$obj.o


    Execution Region .option_setting_ofs0.startof (Exec base: 0x0100a100, Load base: 0x0100a100, Size: 0x00000000, Max: 0x00000000, ABSOLUTE)

    Exec Addr    Load Addr    Size         Type   Attr      Idx    E Section Name        Object

    0x0100a100        -       0x00000000   Zero   RW           60    .option_setting_ofs0.startof.bss  anon$$obj.o


    Execution Region __option_setting_ofs0_reg (Exec base: 0x0100a100, Load base: 0x0100a100, Size: 0x00000004, Max: 0xffffffff, ABSOLUTE, FIXED)

    Exec Addr    Load Addr    Size         Type   Attr      Idx    E Section Name        Object

    0x0100a100   0x0100a100   0x00000004   Data   RO          384    .option_setting_ofs0  bsp_linker.o


    Execution Region __ddsc_OPTION_SETTING_OFS0_END (Exec base: 0x0100a104, Load base: 0x0100a104, Size: 0x00000000, Max: 0x00000000, ABSOLUTE)

    Exec Addr    Load Addr    Size         Type   Attr      Idx    E Section Name        Object

    0x0100a104        -       0x00000000   Zero   RW           61    __ddsc_OPTION_SETTING_OFS0_END.bss  anon$$obj.o


    Execution Region .option_setting_ofs0.endof (Exec base: 0x0100a104, Load base: 0x0100a104, Size: 0x00000000, Max: 0x00000000, ABSOLUTE)

    Exec Addr    Load Addr    Size         Type   Attr      Idx    E Section Name        Object

    0x0100a104        -       0x00000000   Zero   RW           62    .option_setting_ofs0.endof.bss  anon$$obj.o


    Execution Region __OPTION_SETTING_OFS0_end (Exec base: 0x0100a104, Load base: 0x0100a104, Size: 0x00000000, Max: 0x00000000, ABSOLUTE)

    Exec Addr    Load Addr    Size         Type   Attr      Idx    E Section Name        Object

    0x0100a104        -       0x00000000   Zero   RW           63    __OPTION_SETTING_OFS0_end.bss  anon$$obj.o



  Load Region LOAD_REGION_OPTION_SETTING_DUALSEL (Base: 0x0100a110, Size: 0x00000000, Max: 0x00000004, ABSOLUTE)

    Execution Region __OPTION_SETTING_DUALSEL_start (Exec base: 0x0100a110, Load base: 0x0100a110, Size: 0x00000000, Max: 0x00000000, ABSOLUTE)

    Exec Addr    Load Addr    Size         Type   Attr      Idx    E Section Name        Object

    0x0100a110        -       0x00000000   Zero   RW           64    __OPTION_SETTING_DUALSEL_start.bss  anon$$obj.o


    Execution Region __OPTION_SETTING_DUALSEL_init (Exec base: 0x0100a110, Load base: 0x0100a110, Size: 0x00000000, Max: 0x00000000, ABSOLUTE)

    Exec Addr    Load Addr    Size         Type   Attr      Idx    E Section Name        Object

    0x0100a110        -       0x00000000   Zero   RW           65    __OPTION_SETTING_DUALSEL_init.bss  anon$$obj.o


    Execution Region __ddsc_OPTION_SETTING_DUALSEL_START (Exec base: 0x0100a110, Load base: 0x0100a110, Size: 0x00000000, Max: 0x00000000, ABSOLUTE)

    Exec Addr    Load Addr    Size         Type   Attr      Idx    E Section Name        Object

    0x0100a110        -       0x00000000   Zero   RW           66    __ddsc_OPTION_SETTING_DUALSEL_START.bss  anon$$obj.o


    Execution Region .option_setting_dualsel.startof (Exec base: 0x0100a110, Load base: 0x0100a110, Size: 0x00000000, Max: 0x00000000, ABSOLUTE)

    Exec Addr    Load Addr    Size         Type   Attr      Idx    E Section Name        Object

    0x0100a110        -       0x00000000   Zero   RW           67    .option_setting_dualsel.startof.bss  anon$$obj.o


    Execution Region __option_setting_dualsel_reg (Exec base: 0x0100a110, Load base: 0x0100a110, Size: 0x00000000, Max: 0xffffffff, ABSOLUTE, FIXED)

    **** No section assigned to this execution region ****


    Execution Region __ddsc_OPTION_SETTING_DUALSEL_END (Exec base: 0x0100a110, Load base: 0x0100a110, Size: 0x00000000, Max: 0x00000000, ABSOLUTE)

    Exec Addr    Load Addr    Size         Type   Attr      Idx    E Section Name        Object

    0x0100a110        -       0x00000000   Zero   RW           68    __ddsc_OPTION_SETTING_DUALSEL_END.bss  anon$$obj.o


    Execution Region .option_setting_dualsel.endof (Exec base: 0x0100a110, Load base: 0x0100a110, Size: 0x00000000, Max: 0x00000000, ABSOLUTE)

    Exec Addr    Load Addr    Size         Type   Attr      Idx    E Section Name        Object

    0x0100a110        -       0x00000000   Zero   RW           69    .option_setting_dualsel.endof.bss  anon$$obj.o


    Execution Region __OPTION_SETTING_DUALSEL_end (Exec base: 0x0100a110, Load base: 0x0100a110, Size: 0x00000000, Max: 0x00000000, ABSOLUTE)

    Exec Addr    Load Addr    Size         Type   Attr      Idx    E Section Name        Object

    0x0100a110        -       0x00000000   Zero   RW           70    __OPTION_SETTING_DUALSEL_end.bss  anon$$obj.o



  Load Region LOAD_REGION_OPTION_SETTING_OFS1 (Base: 0x0100a180, Size: 0x00000000, Max: 0x00000004, ABSOLUTE)

    Execution Region __OPTION_SETTING_OFS1_start (Exec base: 0x0100a180, Load base: 0x0100a180, Size: 0x00000000, Max: 0x00000000, ABSOLUTE)

    Exec Addr    Load Addr    Size         Type   Attr      Idx    E Section Name        Object

    0x0100a180        -       0x00000000   Zero   RW           71    __OPTION_SETTING_OFS1_start.bss  anon$$obj.o


    Execution Region __OPTION_SETTING_OFS1_init (Exec base: 0x0100a180, Load base: 0x0100a180, Size: 0x00000000, Max: 0x00000000, ABSOLUTE)

    Exec Addr    Load Addr    Size         Type   Attr      Idx    E Section Name        Object

    0x0100a180        -       0x00000000   Zero   RW           72    __OPTION_SETTING_OFS1_init.bss  anon$$obj.o


    Execution Region __ddsc_OPTION_SETTING_OFS1_START (Exec base: 0x0100a180, Load base: 0x0100a180, Size: 0x00000000, Max: 0x00000000, ABSOLUTE)

    Exec Addr    Load Addr    Size         Type   Attr      Idx    E Section Name        Object

    0x0100a180        -       0x00000000   Zero   RW           73    __ddsc_OPTION_SETTING_OFS1_START.bss  anon$$obj.o


    Execution Region .option_setting_ofs1.startof (Exec base: 0x0100a180, Load base: 0x0100a180, Size: 0x00000000, Max: 0x00000000, ABSOLUTE)

    Exec Addr    Load Addr    Size         Type   Attr      Idx    E Section Name        Object

    0x0100a180        -       0x00000000   Zero   RW           74    .option_setting_ofs1.startof.bss  anon$$obj.o


    Execution Region __option_setting_ofs1_reg (Exec base: 0x0100a180, Load base: 0x0100a180, Size: 0x00000000, Max: 0xffffffff, ABSOLUTE, FIXED)

    **** No section assigned to this execution region ****


    Execution Region __ddsc_OPTION_SETTING_OFS1_END (Exec base: 0x0100a180, Load base: 0x0100a180, Size: 0x00000000, Max: 0x00000000, ABSOLUTE)

    Exec Addr    Load Addr    Size         Type   Attr      Idx    E Section Name        Object

    0x0100a180        -       0x00000000   Zero   RW           75    __ddsc_OPTION_SETTING_OFS1_END.bss  anon$$obj.o


    Execution Region .option_setting_ofs1.endof (Exec base: 0x0100a180, Load base: 0x0100a180, Size: 0x00000000, Max: 0x00000000, ABSOLUTE)

    Exec Addr    Load Addr    Size         Type   Attr      Idx    E Section Name        Object

    0x0100a180        -       0x00000000   Zero   RW           76    .option_setting_ofs1.endof.bss  anon$$obj.o


    Execution Region __OPTION_SETTING_OFS1_end (Exec base: 0x0100a180, Load base: 0x0100a180, Size: 0x00000000, Max: 0x00000000, ABSOLUTE)

    Exec Addr    Load Addr    Size         Type   Attr      Idx    E Section Name        Object

    0x0100a180        -       0x00000000   Zero   RW           77    __OPTION_SETTING_OFS1_end.bss  anon$$obj.o



  Load Region LOAD_REGION_OPTION_SETTING_BANKSEL (Base: 0x0100a190, Size: 0x00000000, Max: 0x00000004, ABSOLUTE)

    Execution Region __OPTION_SETTING_BANKSEL_start (Exec base: 0x0100a190, Load base: 0x0100a190, Size: 0x00000000, Max: 0x00000000, ABSOLUTE)

    Exec Addr    Load Addr    Size         Type   Attr      Idx    E Section Name        Object

    0x0100a190        -       0x00000000   Zero   RW           78    __OPTION_SETTING_BANKSEL_start.bss  anon$$obj.o


    Execution Region __OPTION_SETTING_BANKSEL_init (Exec base: 0x0100a190, Load base: 0x0100a190, Size: 0x00000000, Max: 0x00000000, ABSOLUTE)

    Exec Addr    Load Addr    Size         Type   Attr      Idx    E Section Name        Object

    0x0100a190        -       0x00000000   Zero   RW           79    __OPTION_SETTING_BANKSEL_init.bss  anon$$obj.o


    Execution Region __ddsc_OPTION_SETTING_BANKSEL_START (Exec base: 0x0100a190, Load base: 0x0100a190, Size: 0x00000000, Max: 0x00000000, ABSOLUTE)

    Exec Addr    Load Addr    Size         Type   Attr      Idx    E Section Name        Object

    0x0100a190        -       0x00000000   Zero   RW           80    __ddsc_OPTION_SETTING_BANKSEL_START.bss  anon$$obj.o


    Execution Region .option_setting_banksel.startof (Exec base: 0x0100a190, Load base: 0x0100a190, Size: 0x00000000, Max: 0x00000000, ABSOLUTE)

    Exec Addr    Load Addr    Size         Type   Attr      Idx    E Section Name        Object

    0x0100a190        -       0x00000000   Zero   RW           81    .option_setting_banksel.startof.bss  anon$$obj.o


    Execution Region __option_setting_banksel_reg (Exec base: 0x0100a190, Load base: 0x0100a190, Size: 0x00000000, Max: 0xffffffff, ABSOLUTE, FIXED)

    **** No section assigned to this execution region ****


    Execution Region __ddsc_OPTION_SETTING_BANKSEL_END (Exec base: 0x0100a190, Load base: 0x0100a190, Size: 0x00000000, Max: 0x00000000, ABSOLUTE)

    Exec Addr    Load Addr    Size         Type   Attr      Idx    E Section Name        Object

    0x0100a190        -       0x00000000   Zero   RW           82    __ddsc_OPTION_SETTING_BANKSEL_END.bss  anon$$obj.o


    Execution Region .option_setting_banksel.endof (Exec base: 0x0100a190, Load base: 0x0100a190, Size: 0x00000000, Max: 0x00000000, ABSOLUTE)

    Exec Addr    Load Addr    Size         Type   Attr      Idx    E Section Name        Object

    0x0100a190        -       0x00000000   Zero   RW           83    .option_setting_banksel.endof.bss  anon$$obj.o


    Execution Region __OPTION_SETTING_BANKSEL_end (Exec base: 0x0100a190, Load base: 0x0100a190, Size: 0x00000000, Max: 0x00000000, ABSOLUTE)

    Exec Addr    Load Addr    Size         Type   Attr      Idx    E Section Name        Object

    0x0100a190        -       0x00000000   Zero   RW           84    __OPTION_SETTING_BANKSEL_end.bss  anon$$obj.o



  Load Region LOAD_REGION_OPTION_SETTING_BPS (Base: 0x0100a1c0, Size: 0x00000000, Max: 0x00000010, ABSOLUTE)

    Execution Region __OPTION_SETTING_BPS_start (Exec base: 0x0100a1c0, Load base: 0x0100a1c0, Size: 0x00000000, Max: 0x00000000, ABSOLUTE)

    Exec Addr    Load Addr    Size         Type   Attr      Idx    E Section Name        Object

    0x0100a1c0        -       0x00000000   Zero   RW           85    __OPTION_SETTING_BPS_start.bss  anon$$obj.o


    Execution Region __OPTION_SETTING_BPS_init (Exec base: 0x0100a1c0, Load base: 0x0100a1c0, Size: 0x00000000, Max: 0x00000000, ABSOLUTE)

    Exec Addr    Load Addr    Size         Type   Attr      Idx    E Section Name        Object

    0x0100a1c0        -       0x00000000   Zero   RW           86    __OPTION_SETTING_BPS_init.bss  anon$$obj.o


    Execution Region __ddsc_OPTION_SETTING_BPS_START (Exec base: 0x0100a1c0, Load base: 0x0100a1c0, Size: 0x00000000, Max: 0x00000000, ABSOLUTE)

    Exec Addr    Load Addr    Size         Type   Attr      Idx    E Section Name        Object

    0x0100a1c0        -       0x00000000   Zero   RW           87    __ddsc_OPTION_SETTING_BPS_START.bss  anon$$obj.o


    Execution Region .option_setting_bps.startof (Exec base: 0x0100a1c0, Load base: 0x0100a1c0, Size: 0x00000000, Max: 0x00000000, ABSOLUTE)

    Exec Addr    Load Addr    Size         Type   Attr      Idx    E Section Name        Object

    0x0100a1c0        -       0x00000000   Zero   RW           88    .option_setting_bps.startof.bss  anon$$obj.o


    Execution Region __option_setting_bps_reg (Exec base: 0x0100a1c0, Load base: 0x0100a1c0, Size: 0x00000000, Max: 0xffffffff, ABSOLUTE, FIXED)

    **** No section assigned to this execution region ****


    Execution Region __ddsc_OPTION_SETTING_BPS_END (Exec base: 0x0100a1c0, Load base: 0x0100a1c0, Size: 0x00000000, Max: 0x00000000, ABSOLUTE)

    Exec Addr    Load Addr    Size         Type   Attr      Idx    E Section Name        Object

    0x0100a1c0        -       0x00000000   Zero   RW           89    __ddsc_OPTION_SETTING_BPS_END.bss  anon$$obj.o


    Execution Region .option_setting_bps.endof (Exec base: 0x0100a1c0, Load base: 0x0100a1c0, Size: 0x00000000, Max: 0x00000000, ABSOLUTE)

    Exec Addr    Load Addr    Size         Type   Attr      Idx    E Section Name        Object

    0x0100a1c0        -       0x00000000   Zero   RW           90    .option_setting_bps.endof.bss  anon$$obj.o


    Execution Region __OPTION_SETTING_BPS_end (Exec base: 0x0100a1c0, Load base: 0x0100a1c0, Size: 0x00000000, Max: 0x00000000, ABSOLUTE)

    Exec Addr    Load Addr    Size         Type   Attr      Idx    E Section Name        Object

    0x0100a1c0        -       0x00000000   Zero   RW           91    __OPTION_SETTING_BPS_end.bss  anon$$obj.o



  Load Region LOAD_REGION_OPTION_SETTING_PBPS (Base: 0x0100a1e0, Size: 0x00000000, Max: 0x00000010, ABSOLUTE)

    Execution Region __OPTION_SETTING_PBPS_start (Exec base: 0x0100a1e0, Load base: 0x0100a1e0, Size: 0x00000000, Max: 0x00000000, ABSOLUTE)

    Exec Addr    Load Addr    Size         Type   Attr      Idx    E Section Name        Object

    0x0100a1e0        -       0x00000000   Zero   RW           92    __OPTION_SETTING_PBPS_start.bss  anon$$obj.o


    Execution Region __OPTION_SETTING_PBPS_init (Exec base: 0x0100a1e0, Load base: 0x0100a1e0, Size: 0x00000000, Max: 0x00000000, ABSOLUTE)

    Exec Addr    Load Addr    Size         Type   Attr      Idx    E Section Name        Object

    0x0100a1e0        -       0x00000000   Zero   RW           93    __OPTION_SETTING_PBPS_init.bss  anon$$obj.o


    Execution Region __ddsc_OPTION_SETTING_PBPS_START (Exec base: 0x0100a1e0, Load base: 0x0100a1e0, Size: 0x00000000, Max: 0x00000000, ABSOLUTE)

    Exec Addr    Load Addr    Size         Type   Attr      Idx    E Section Name        Object

    0x0100a1e0        -       0x00000000   Zero   RW           94    __ddsc_OPTION_SETTING_PBPS_START.bss  anon$$obj.o


    Execution Region .option_setting_pbps.startof (Exec base: 0x0100a1e0, Load base: 0x0100a1e0, Size: 0x00000000, Max: 0x00000000, ABSOLUTE)

    Exec Addr    Load Addr    Size         Type   Attr      Idx    E Section Name        Object

    0x0100a1e0        -       0x00000000   Zero   RW           95    .option_setting_pbps.startof.bss  anon$$obj.o


    Execution Region __option_setting_pbps_reg (Exec base: 0x0100a1e0, Load base: 0x0100a1e0, Size: 0x00000000, Max: 0xffffffff, ABSOLUTE, FIXED)

    **** No section assigned to this execution region ****


    Execution Region __ddsc_OPTION_SETTING_PBPS_END (Exec base: 0x0100a1e0, Load base: 0x0100a1e0, Size: 0x00000000, Max: 0x00000000, ABSOLUTE)

    Exec Addr    Load Addr    Size         Type   Attr      Idx    E Section Name        Object

    0x0100a1e0        -       0x00000000   Zero   RW           96    __ddsc_OPTION_SETTING_PBPS_END.bss  anon$$obj.o


    Execution Region .option_setting_pbps.endof (Exec base: 0x0100a1e0, Load base: 0x0100a1e0, Size: 0x00000000, Max: 0x00000000, ABSOLUTE)

    Exec Addr    Load Addr    Size         Type   Attr      Idx    E Section Name        Object

    0x0100a1e0        -       0x00000000   Zero   RW           97    .option_setting_pbps.endof.bss  anon$$obj.o


    Execution Region __OPTION_SETTING_PBPS_end (Exec base: 0x0100a1e0, Load base: 0x0100a1e0, Size: 0x00000000, Max: 0x00000000, ABSOLUTE)

    Exec Addr    Load Addr    Size         Type   Attr      Idx    E Section Name        Object

    0x0100a1e0        -       0x00000000   Zero   RW           98    __OPTION_SETTING_PBPS_end.bss  anon$$obj.o



  Load Region LOAD_REGION_OPTION_SETTING_OFS1_SEC (Base: 0x0100a200, Size: 0x00000004, Max: 0x00000004, ABSOLUTE)

    Execution Region __OPTION_SETTING_OFS1_SEC_start (Exec base: 0x0100a200, Load base: 0x0100a200, Size: 0x00000000, Max: 0x00000000, ABSOLUTE)

    Exec Addr    Load Addr    Size         Type   Attr      Idx    E Section Name        Object

    0x0100a200        -       0x00000000   Zero   RW           99    __OPTION_SETTING_OFS1_SEC_start.bss  anon$$obj.o


    Execution Region __OPTION_SETTING_OFS1_SEC_init (Exec base: 0x0100a200, Load base: 0x0100a200, Size: 0x00000000, Max: 0x00000000, ABSOLUTE)

    Exec Addr    Load Addr    Size         Type   Attr      Idx    E Section Name        Object

    0x0100a200        -       0x00000000   Zero   RW          100    __OPTION_SETTING_OFS1_SEC_init.bss  anon$$obj.o


    Execution Region __ddsc_OPTION_SETTING_OFS1_SEC_START (Exec base: 0x0100a200, Load base: 0x0100a200, Size: 0x00000000, Max: 0x00000000, ABSOLUTE)

    Exec Addr    Load Addr    Size         Type   Attr      Idx    E Section Name        Object

    0x0100a200        -       0x00000000   Zero   RW          101    __ddsc_OPTION_SETTING_OFS1_SEC_START.bss  anon$$obj.o


    Execution Region .option_setting_ofs1_sec.startof (Exec base: 0x0100a200, Load base: 0x0100a200, Size: 0x00000000, Max: 0x00000000, ABSOLUTE)

    Exec Addr    Load Addr    Size         Type   Attr      Idx    E Section Name        Object

    0x0100a200        -       0x00000000   Zero   RW          102    .option_setting_ofs1_sec.startof.bss  anon$$obj.o


    Execution Region __option_setting_ofs1_sec_reg (Exec base: 0x0100a200, Load base: 0x0100a200, Size: 0x00000004, Max: 0xffffffff, ABSOLUTE, FIXED)

    Exec Addr    Load Addr    Size         Type   Attr      Idx    E Section Name        Object

    0x0100a200   0x0100a200   0x00000004   Data   RO          385    .option_setting_ofs1_sec  bsp_linker.o


    Execution Region __ddsc_OPTION_SETTING_OFS1_SEC_END (Exec base: 0x0100a204, Load base: 0x0100a204, Size: 0x00000000, Max: 0x00000000, ABSOLUTE)

    Exec Addr    Load Addr    Size         Type   Attr      Idx    E Section Name        Object

    0x0100a204        -       0x00000000   Zero   RW          103    __ddsc_OPTION_SETTING_OFS1_SEC_END.bss  anon$$obj.o


    Execution Region .option_setting_ofs1_sec.endof (Exec base: 0x0100a204, Load base: 0x0100a204, Size: 0x00000000, Max: 0x00000000, ABSOLUTE)

    Exec Addr    Load Addr    Size         Type   Attr      Idx    E Section Name        Object

    0x0100a204        -       0x00000000   Zero   RW          104    .option_setting_ofs1_sec.endof.bss  anon$$obj.o


    Execution Region __OPTION_SETTING_OFS1_SEC_end (Exec base: 0x0100a204, Load base: 0x0100a204, Size: 0x00000000, Max: 0x00000000, ABSOLUTE)

    Exec Addr    Load Addr    Size         Type   Attr      Idx    E Section Name        Object

    0x0100a204        -       0x00000000   Zero   RW          105    __OPTION_SETTING_OFS1_SEC_end.bss  anon$$obj.o



  Load Region LOAD_REGION_OPTION_SETTING_BANKSEL_SEC (Base: 0x0100a210, Size: 0x00000000, Max: 0x00000004, ABSOLUTE)

    Execution Region __OPTION_SETTING_BANKSEL_SEC_start (Exec base: 0x0100a210, Load base: 0x0100a210, Size: 0x00000000, Max: 0x00000000, ABSOLUTE)

    Exec Addr    Load Addr    Size         Type   Attr      Idx    E Section Name        Object

    0x0100a210        -       0x00000000   Zero   RW          106    __OPTION_SETTING_BANKSEL_SEC_start.bss  anon$$obj.o


    Execution Region __OPTION_SETTING_BANKSEL_SEC_init (Exec base: 0x0100a210, Load base: 0x0100a210, Size: 0x00000000, Max: 0x00000000, ABSOLUTE)

    Exec Addr    Load Addr    Size         Type   Attr      Idx    E Section Name        Object

    0x0100a210        -       0x00000000   Zero   RW          107    __OPTION_SETTING_BANKSEL_SEC_init.bss  anon$$obj.o


    Execution Region __ddsc_OPTION_SETTING_BANKSEL_SEC_START (Exec base: 0x0100a210, Load base: 0x0100a210, Size: 0x00000000, Max: 0x00000000, ABSOLUTE)

    Exec Addr    Load Addr    Size         Type   Attr      Idx    E Section Name        Object

    0x0100a210        -       0x00000000   Zero   RW          108    __ddsc_OPTION_SETTING_BANKSEL_SEC_START.bss  anon$$obj.o


    Execution Region .option_setting_banksel_sec.startof (Exec base: 0x0100a210, Load base: 0x0100a210, Size: 0x00000000, Max: 0x00000000, ABSOLUTE)

    Exec Addr    Load Addr    Size         Type   Attr      Idx    E Section Name        Object

    0x0100a210        -       0x00000000   Zero   RW          109    .option_setting_banksel_sec.startof.bss  anon$$obj.o


    Execution Region __option_setting_banksel_sec_reg (Exec base: 0x0100a210, Load base: 0x0100a210, Size: 0x00000000, Max: 0xffffffff, ABSOLUTE, FIXED)

    **** No section assigned to this execution region ****


    Execution Region __ddsc_OPTION_SETTING_BANKSEL_SEC_END (Exec base: 0x0100a210, Load base: 0x0100a210, Size: 0x00000000, Max: 0x00000000, ABSOLUTE)

    Exec Addr    Load Addr    Size         Type   Attr      Idx    E Section Name        Object

    0x0100a210        -       0x00000000   Zero   RW          110    __ddsc_OPTION_SETTING_BANKSEL_SEC_END.bss  anon$$obj.o


    Execution Region .option_setting_banksel_sec.endof (Exec base: 0x0100a210, Load base: 0x0100a210, Size: 0x00000000, Max: 0x00000000, ABSOLUTE)

    Exec Addr    Load Addr    Size         Type   Attr      Idx    E Section Name        Object

    0x0100a210        -       0x00000000   Zero   RW          111    .option_setting_banksel_sec.endof.bss  anon$$obj.o


    Execution Region __OPTION_SETTING_BANKSEL_SEC_end (Exec base: 0x0100a210, Load base: 0x0100a210, Size: 0x00000000, Max: 0x00000000, ABSOLUTE)

    Exec Addr    Load Addr    Size         Type   Attr      Idx    E Section Name        Object

    0x0100a210        -       0x00000000   Zero   RW          112    __OPTION_SETTING_BANKSEL_SEC_end.bss  anon$$obj.o



  Load Region LOAD_REGION_OPTION_SETTING_BPS_SEC (Base: 0x0100a240, Size: 0x00000000, Max: 0x00000010, ABSOLUTE)

    Execution Region __OPTION_SETTING_BPS_SEC_start (Exec base: 0x0100a240, Load base: 0x0100a240, Size: 0x00000000, Max: 0x00000000, ABSOLUTE)

    Exec Addr    Load Addr    Size         Type   Attr      Idx    E Section Name        Object

    0x0100a240        -       0x00000000   Zero   RW          113    __OPTION_SETTING_BPS_SEC_start.bss  anon$$obj.o


    Execution Region __OPTION_SETTING_BPS_SEC_init (Exec base: 0x0100a240, Load base: 0x0100a240, Size: 0x00000000, Max: 0x00000000, ABSOLUTE)

    Exec Addr    Load Addr    Size         Type   Attr      Idx    E Section Name        Object

    0x0100a240        -       0x00000000   Zero   RW          114    __OPTION_SETTING_BPS_SEC_init.bss  anon$$obj.o


    Execution Region __ddsc_OPTION_SETTING_BPS_SEC_START (Exec base: 0x0100a240, Load base: 0x0100a240, Size: 0x00000000, Max: 0x00000000, ABSOLUTE)

    Exec Addr    Load Addr    Size         Type   Attr      Idx    E Section Name        Object

    0x0100a240        -       0x00000000   Zero   RW          115    __ddsc_OPTION_SETTING_BPS_SEC_START.bss  anon$$obj.o


    Execution Region .option_setting_bps_sec.startof (Exec base: 0x0100a240, Load base: 0x0100a240, Size: 0x00000000, Max: 0x00000000, ABSOLUTE)

    Exec Addr    Load Addr    Size         Type   Attr      Idx    E Section Name        Object

    0x0100a240        -       0x00000000   Zero   RW          116    .option_setting_bps_sec.startof.bss  anon$$obj.o


    Execution Region __option_setting_bps_sec_reg (Exec base: 0x0100a240, Load base: 0x0100a240, Size: 0x00000000, Max: 0xffffffff, ABSOLUTE, FIXED)

    **** No section assigned to this execution region ****


    Execution Region __ddsc_OPTION_SETTING_BPS_SEC_END (Exec base: 0x0100a240, Load base: 0x0100a240, Size: 0x00000000, Max: 0x00000000, ABSOLUTE)

    Exec Addr    Load Addr    Size         Type   Attr      Idx    E Section Name        Object

    0x0100a240        -       0x00000000   Zero   RW          117    __ddsc_OPTION_SETTING_BPS_SEC_END.bss  anon$$obj.o


    Execution Region .option_setting_bps_sec.endof (Exec base: 0x0100a240, Load base: 0x0100a240, Size: 0x00000000, Max: 0x00000000, ABSOLUTE)

    Exec Addr    Load Addr    Size         Type   Attr      Idx    E Section Name        Object

    0x0100a240        -       0x00000000   Zero   RW          118    .option_setting_bps_sec.endof.bss  anon$$obj.o


    Execution Region __OPTION_SETTING_BPS_SEC_end (Exec base: 0x0100a240, Load base: 0x0100a240, Size: 0x00000000, Max: 0x00000000, ABSOLUTE)

    Exec Addr    Load Addr    Size         Type   Attr      Idx    E Section Name        Object

    0x0100a240        -       0x00000000   Zero   RW          119    __OPTION_SETTING_BPS_SEC_end.bss  anon$$obj.o



  Load Region LOAD_REGION_OPTION_SETTING_PBPS_SEC (Base: 0x0100a260, Size: 0x00000000, Max: 0x00000010, ABSOLUTE)

    Execution Region __OPTION_SETTING_PBPS_SEC_start (Exec base: 0x0100a260, Load base: 0x0100a260, Size: 0x00000000, Max: 0x00000000, ABSOLUTE)

    Exec Addr    Load Addr    Size         Type   Attr      Idx    E Section Name        Object

    0x0100a260        -       0x00000000   Zero   RW          120    __OPTION_SETTING_PBPS_SEC_start.bss  anon$$obj.o


    Execution Region __OPTION_SETTING_PBPS_SEC_init (Exec base: 0x0100a260, Load base: 0x0100a260, Size: 0x00000000, Max: 0x00000000, ABSOLUTE)

    Exec Addr    Load Addr    Size         Type   Attr      Idx    E Section Name        Object

    0x0100a260        -       0x00000000   Zero   RW          121    __OPTION_SETTING_PBPS_SEC_init.bss  anon$$obj.o


    Execution Region __ddsc_OPTION_SETTING_PBPS_SEC_START (Exec base: 0x0100a260, Load base: 0x0100a260, Size: 0x00000000, Max: 0x00000000, ABSOLUTE)

    Exec Addr    Load Addr    Size         Type   Attr      Idx    E Section Name        Object

    0x0100a260        -       0x00000000   Zero   RW          122    __ddsc_OPTION_SETTING_PBPS_SEC_START.bss  anon$$obj.o


    Execution Region .option_setting_pbps_sec.startof (Exec base: 0x0100a260, Load base: 0x0100a260, Size: 0x00000000, Max: 0x00000000, ABSOLUTE)

    Exec Addr    Load Addr    Size         Type   Attr      Idx    E Section Name        Object

    0x0100a260        -       0x00000000   Zero   RW          123    .option_setting_pbps_sec.startof.bss  anon$$obj.o


    Execution Region __option_setting_pbps_sec_reg (Exec base: 0x0100a260, Load base: 0x0100a260, Size: 0x00000000, Max: 0xffffffff, ABSOLUTE, FIXED)

    **** No section assigned to this execution region ****


    Execution Region __ddsc_OPTION_SETTING_PBPS_SEC_END (Exec base: 0x0100a260, Load base: 0x0100a260, Size: 0x00000000, Max: 0x00000000, ABSOLUTE)

    Exec Addr    Load Addr    Size         Type   Attr      Idx    E Section Name        Object

    0x0100a260        -       0x00000000   Zero   RW          124    __ddsc_OPTION_SETTING_PBPS_SEC_END.bss  anon$$obj.o


    Execution Region .option_setting_pbps_sec.endof (Exec base: 0x0100a260, Load base: 0x0100a260, Size: 0x00000000, Max: 0x00000000, ABSOLUTE)

    Exec Addr    Load Addr    Size         Type   Attr      Idx    E Section Name        Object

    0x0100a260        -       0x00000000   Zero   RW          125    .option_setting_pbps_sec.endof.bss  anon$$obj.o


    Execution Region __OPTION_SETTING_PBPS_SEC_end (Exec base: 0x0100a260, Load base: 0x0100a260, Size: 0x00000000, Max: 0x00000000, ABSOLUTE)

    Exec Addr    Load Addr    Size         Type   Attr      Idx    E Section Name        Object

    0x0100a260        -       0x00000000   Zero   RW          126    __OPTION_SETTING_PBPS_SEC_end.bss  anon$$obj.o



  Load Region LOAD_REGION_OPTION_SETTING_OFS1_SEL (Base: 0x0100a280, Size: 0x00000004, Max: 0x00000004, ABSOLUTE)

    Execution Region __OPTION_SETTING_OFS1_SEL_start (Exec base: 0x0100a280, Load base: 0x0100a280, Size: 0x00000000, Max: 0x00000000, ABSOLUTE)

    Exec Addr    Load Addr    Size         Type   Attr      Idx    E Section Name        Object

    0x0100a280        -       0x00000000   Zero   RW          127    __OPTION_SETTING_OFS1_SEL_start.bss  anon$$obj.o


    Execution Region __OPTION_SETTING_OFS1_SEL_init (Exec base: 0x0100a280, Load base: 0x0100a280, Size: 0x00000000, Max: 0x00000000, ABSOLUTE)

    Exec Addr    Load Addr    Size         Type   Attr      Idx    E Section Name        Object

    0x0100a280        -       0x00000000   Zero   RW          128    __OPTION_SETTING_OFS1_SEL_init.bss  anon$$obj.o


    Execution Region __ddsc_OPTION_SETTING_OFS1_SEL_START (Exec base: 0x0100a280, Load base: 0x0100a280, Size: 0x00000000, Max: 0x00000000, ABSOLUTE)

    Exec Addr    Load Addr    Size         Type   Attr      Idx    E Section Name        Object

    0x0100a280        -       0x00000000   Zero   RW          129    __ddsc_OPTION_SETTING_OFS1_SEL_START.bss  anon$$obj.o


    Execution Region .option_setting_ofs1_sel.startof (Exec base: 0x0100a280, Load base: 0x0100a280, Size: 0x00000000, Max: 0x00000000, ABSOLUTE)

    Exec Addr    Load Addr    Size         Type   Attr      Idx    E Section Name        Object

    0x0100a280        -       0x00000000   Zero   RW          130    .option_setting_ofs1_sel.startof.bss  anon$$obj.o


    Execution Region __option_setting_ofs1_sel_reg (Exec base: 0x0100a280, Load base: 0x0100a280, Size: 0x00000004, Max: 0xffffffff, ABSOLUTE, FIXED)

    Exec Addr    Load Addr    Size         Type   Attr      Idx    E Section Name        Object

    0x0100a280   0x0100a280   0x00000004   Data   RO          386    .option_setting_ofs1_sel  bsp_linker.o


    Execution Region __ddsc_OPTION_SETTING_OFS1_SEL_END (Exec base: 0x0100a284, Load base: 0x0100a284, Size: 0x00000000, Max: 0x00000000, ABSOLUTE)

    Exec Addr    Load Addr    Size         Type   Attr      Idx    E Section Name        Object

    0x0100a284        -       0x00000000   Zero   RW          131    __ddsc_OPTION_SETTING_OFS1_SEL_END.bss  anon$$obj.o


    Execution Region .option_setting_ofs1_sel.endof (Exec base: 0x0100a284, Load base: 0x0100a284, Size: 0x00000000, Max: 0x00000000, ABSOLUTE)

    Exec Addr    Load Addr    Size         Type   Attr      Idx    E Section Name        Object

    0x0100a284        -       0x00000000   Zero   RW          132    .option_setting_ofs1_sel.endof.bss  anon$$obj.o


    Execution Region __OPTION_SETTING_OFS1_SEL_end (Exec base: 0x0100a284, Load base: 0x0100a284, Size: 0x00000000, Max: 0x00000000, ABSOLUTE)

    Exec Addr    Load Addr    Size         Type   Attr      Idx    E Section Name        Object

    0x0100a284        -       0x00000000   Zero   RW          133    __OPTION_SETTING_OFS1_SEL_end.bss  anon$$obj.o



  Load Region LOAD_REGION_OPTION_SETTING_BANKSEL_SEL (Base: 0x0100a290, Size: 0x00000000, Max: 0x00000004, ABSOLUTE)

    Execution Region __OPTION_SETTING_BANKSEL_SEL_start (Exec base: 0x0100a290, Load base: 0x0100a290, Size: 0x00000000, Max: 0x00000000, ABSOLUTE)

    Exec Addr    Load Addr    Size         Type   Attr      Idx    E Section Name        Object

    0x0100a290        -       0x00000000   Zero   RW          134    __OPTION_SETTING_BANKSEL_SEL_start.bss  anon$$obj.o


    Execution Region __OPTION_SETTING_BANKSEL_SEL_init (Exec base: 0x0100a290, Load base: 0x0100a290, Size: 0x00000000, Max: 0x00000000, ABSOLUTE)

    Exec Addr    Load Addr    Size         Type   Attr      Idx    E Section Name        Object

    0x0100a290        -       0x00000000   Zero   RW          135    __OPTION_SETTING_BANKSEL_SEL_init.bss  anon$$obj.o


    Execution Region __ddsc_OPTION_SETTING_BANKSEL_SEL_START (Exec base: 0x0100a290, Load base: 0x0100a290, Size: 0x00000000, Max: 0x00000000, ABSOLUTE)

    Exec Addr    Load Addr    Size         Type   Attr      Idx    E Section Name        Object

    0x0100a290        -       0x00000000   Zero   RW          136    __ddsc_OPTION_SETTING_BANKSEL_SEL_START.bss  anon$$obj.o


    Execution Region .option_setting_banksel_sel.startof (Exec base: 0x0100a290, Load base: 0x0100a290, Size: 0x00000000, Max: 0x00000000, ABSOLUTE)

    Exec Addr    Load Addr    Size         Type   Attr      Idx    E Section Name        Object

    0x0100a290        -       0x00000000   Zero   RW          137    .option_setting_banksel_sel.startof.bss  anon$$obj.o


    Execution Region __option_setting_banksel_sel_reg (Exec base: 0x0100a290, Load base: 0x0100a290, Size: 0x00000000, Max: 0xffffffff, ABSOLUTE, FIXED)

    **** No section assigned to this execution region ****


    Execution Region __ddsc_OPTION_SETTING_BANKSEL_SEL_END (Exec base: 0x0100a290, Load base: 0x0100a290, Size: 0x00000000, Max: 0x00000000, ABSOLUTE)

    Exec Addr    Load Addr    Size         Type   Attr      Idx    E Section Name        Object

    0x0100a290        -       0x00000000   Zero   RW          138    __ddsc_OPTION_SETTING_BANKSEL_SEL_END.bss  anon$$obj.o


    Execution Region .option_setting_banksel_sel.endof (Exec base: 0x0100a290, Load base: 0x0100a290, Size: 0x00000000, Max: 0x00000000, ABSOLUTE)

    Exec Addr    Load Addr    Size         Type   Attr      Idx    E Section Name        Object

    0x0100a290        -       0x00000000   Zero   RW          139    .option_setting_banksel_sel.endof.bss  anon$$obj.o


    Execution Region __OPTION_SETTING_BANKSEL_SEL_end (Exec base: 0x0100a290, Load base: 0x0100a290, Size: 0x00000000, Max: 0x00000000, ABSOLUTE)

    Exec Addr    Load Addr    Size         Type   Attr      Idx    E Section Name        Object

    0x0100a290        -       0x00000000   Zero   RW          140    __OPTION_SETTING_BANKSEL_SEL_end.bss  anon$$obj.o



  Load Region LOAD_REGION_OPTION_SETTING_BPS_SEL (Base: 0x0100a2c0, Size: 0x00000000, Max: 0x00000010, ABSOLUTE)

    Execution Region __OPTION_SETTING_BPS_SEL_start (Exec base: 0x0100a2c0, Load base: 0x0100a2c0, Size: 0x00000000, Max: 0x00000000, ABSOLUTE)

    Exec Addr    Load Addr    Size         Type   Attr      Idx    E Section Name        Object

    0x0100a2c0        -       0x00000000   Zero   RW          141    __OPTION_SETTING_BPS_SEL_start.bss  anon$$obj.o


    Execution Region __OPTION_SETTING_BPS_SEL_init (Exec base: 0x0100a2c0, Load base: 0x0100a2c0, Size: 0x00000000, Max: 0x00000000, ABSOLUTE)

    Exec Addr    Load Addr    Size         Type   Attr      Idx    E Section Name        Object

    0x0100a2c0        -       0x00000000   Zero   RW          142    __OPTION_SETTING_BPS_SEL_init.bss  anon$$obj.o


    Execution Region __ddsc_OPTION_SETTING_BPS_SEL_START (Exec base: 0x0100a2c0, Load base: 0x0100a2c0, Size: 0x00000000, Max: 0x00000000, ABSOLUTE)

    Exec Addr    Load Addr    Size         Type   Attr      Idx    E Section Name        Object

    0x0100a2c0        -       0x00000000   Zero   RW          143    __ddsc_OPTION_SETTING_BPS_SEL_START.bss  anon$$obj.o


    Execution Region .option_setting_bps_sel.startof (Exec base: 0x0100a2c0, Load base: 0x0100a2c0, Size: 0x00000000, Max: 0x00000000, ABSOLUTE)

    Exec Addr    Load Addr    Size         Type   Attr      Idx    E Section Name        Object

    0x0100a2c0        -       0x00000000   Zero   RW          144    .option_setting_bps_sel.startof.bss  anon$$obj.o


    Execution Region __option_setting_bps_sel_reg (Exec base: 0x0100a2c0, Load base: 0x0100a2c0, Size: 0x00000000, Max: 0xffffffff, ABSOLUTE, FIXED)

    **** No section assigned to this execution region ****


    Execution Region __ddsc_OPTION_SETTING_BPS_SEL_END (Exec base: 0x0100a2c0, Load base: 0x0100a2c0, Size: 0x00000000, Max: 0x00000000, ABSOLUTE)

    Exec Addr    Load Addr    Size         Type   Attr      Idx    E Section Name        Object

    0x0100a2c0        -       0x00000000   Zero   RW          145    __ddsc_OPTION_SETTING_BPS_SEL_END.bss  anon$$obj.o


    Execution Region .option_setting_bps_sel.endof (Exec base: 0x0100a2c0, Load base: 0x0100a2c0, Size: 0x00000000, Max: 0x00000000, ABSOLUTE)

    Exec Addr    Load Addr    Size         Type   Attr      Idx    E Section Name        Object

    0x0100a2c0        -       0x00000000   Zero   RW          146    .option_setting_bps_sel.endof.bss  anon$$obj.o


    Execution Region __OPTION_SETTING_BPS_SEL_end (Exec base: 0x0100a2c0, Load base: 0x0100a2c0, Size: 0x00000000, Max: 0x00000000, ABSOLUTE)

    Exec Addr    Load Addr    Size         Type   Attr      Idx    E Section Name        Object

    0x0100a2c0        -       0x00000000   Zero   RW          147    __OPTION_SETTING_BPS_SEL_end.bss  anon$$obj.o


==============================================================================

Image component sizes


      Code (inc. data)   RO Data    RW Data    ZI Data      Debug   Object Name

       484          0          0          0         28      39253   bsp_clocks.o
         8          0         78          0          0      10058   bsp_common.o
       140          0          0          0          0       1871   bsp_delay.o
        68          0          0          0         64      14140   bsp_group_irq.o
         0          0          0          0          4        479   bsp_io.o
       138          0          0          0         68      18523   bsp_irq.o
         0          0        388          0          0       3586   bsp_linker.o
       160          0         10          0         10      21826   bsp_register_protection.o
         0          0          0          0          8      17851   common_data.o
        48          0          0          0          4      10848   gpt.o
         0          0        612         16        224      55349   hal_data.o
      1264        164        102          0         85      10204   hal_entry.o
        26          0          0          0          0      16814   hal_warmstart.o
        10          0          0          0          0        411   main.o
         0          0         92          0          0       8014   pin_data.o
      1298          0          0          0          0      79471   r_gpt.o
       430         12          0          0          0      57160   r_ioport.o
      1420          0          0          0          0      73260   r_sci_uart.o
        14          0         64          0       5120        950   startup.o
       252          0          0          0          4       6693   system.o
       574         16         48          6        555      14290   uart.o
         0          0        136          0          0       9861   vector_data.o

    ----------------------------------------------------------------------
      6356        192       1536         24       6180     470912   Object Totals
         0          0          0          0          0          0   (incl. Generated)
        22          0          6          2          6          0   (incl. Padding)

    ----------------------------------------------------------------------

      Code (inc. data)   RO Data    RW Data    ZI Data      Debug   Library Member Name

        56          8          0          0          0         84   __0sscanf.o
        28          0          0          0          0         68   _chval.o
       812          4          0          0          0        112   _scanf.o
       332          0          0          0          0         96   _scanf_int.o
       224          0          0          0          0         96   _scanf_str.o
        64          0          0          0          0         84   _sgetc.o
        40          6         64          0          0         68   ctype_c.o
        10          0          0          0          0         68   isspace_c.o
         0          0          0          0          0          0   iusefp.o
        30          0          0          0          0         68   llshl.o
        36          0          0          0          0         68   llsshr.o
        32          0          0          0          0         68   llushr.o
        36          0          0          0          0         68   memcpya.o
        36          0          0          0          0        108   memseta.o
      2308         96          0          0          0        604   printfa.o
        40          8          0          0          0         84   scanf_char.o
       878         12          0          0          0        216   scanf_fp.o
         0          0          0          4          0          0   stdout.o
        44          0          0          0          0         80   uidiv.o
        98          0          0          0          0         92   uldiv.o
        48          0          0          0          0         68   cdrcmple.o
        56          0          0          0          0         88   d2f.o
       334          0          0          0          0        148   dadd.o
       222          0          0          0          0        100   ddiv.o
       186          0          0          0          0        176   depilogue.o
        48          0          0          0          0         68   dfixul.o
        24          0          0          0          0         76   dfltul.o
       228          0          0          0          0         96   dmul.o
        38          0          0          0          0         68   f2d.o
       110          0          0          0          0        168   fepilogue.o

    ----------------------------------------------------------------------
      6400        134         64          4          0       3188   Library Totals
         2          0          0          0          0          0   (incl. Padding)

    ----------------------------------------------------------------------

      Code (inc. data)   RO Data    RW Data    ZI Data      Debug   Library Name

      5104        134         64          4          0       2132   mc_w.l
      1294          0          0          0          0       1056   mf_w.l

    ----------------------------------------------------------------------
      6400        134         64          4          0       3188   Library Totals

    ----------------------------------------------------------------------

==============================================================================


      Code (inc. data)   RO Data    RW Data    ZI Data      Debug   

     12756        326       1600         28       6180     472136   Grand Totals
     12756        326       1600         28       6180     472136   ELF Image Totals
     12756        326       1600         28          0          0   ROM Totals

==============================================================================

    Total RO  Size (Code + RO Data)                14356 (  14.02kB)
    Total RW  Size (RW Data + ZI Data)              6208 (   6.06kB)
    Total ROM Size (Code + RO Data + RW Data)      14384 (  14.05kB)

==============================================================================

